---
name: Island
theme: [object Object]
showGrid: true
compassRose: true
scale: true
border: true
---

# ROOMS  (row,col — same as Puppeteer API, row increases downward)
# A7   rows 4-45, cols 4-45  center row 25, col 25
# A7   rows 4-45, cols 4-45  center row 25, col 25
# A9   rows 11-17, cols 33-39  center row 14, col 36
# A3   rows 21-24, cols 11-17  center row 23, col 14
# A1   rows 21-27, cols 18-29  center row 24, col 24
# A2   rows 25-28, cols 11-17  center row 27, col 14
# A5   rows 28-31, cols 16-23  center row 30, col 20
# A4   rows 28-31, cols 24-27  center row 30, col 26
# A6   rows 29-31, cols 11-15  center row 30, col 13
#
# col: 0    5    10   15   20   25   30   35   40   45
..................................................  #  0
..................................................  #  1
..................................................  #  2
..................................................  #  3
....BBBBBBBBBBBBBBBBBBBBBBBBBBBBBBBBBBBBBBBBBB....  #  4
....BBBBBBBBBBBBBBBBBBBBBBBBBBBBBBBBBBBBBBBBBB....  #  5
....BBBBBBBBBBBBBBBBBBBBBBBBBBBBBBBBBBBBBBBBBB....  #  6
....BBBBBBBBBBBBBBBBBBBBBBBBBBBBBBBBBBBBBBBBBB....  #  7
....BBBBBBBBBBBBBBBBBBBBBBBBBBBBBBBBBBBBBBBBBB....  #  8
....BBBBBBBBBBBBBBBBBBBBBBBBBBBBBBBBBBBBBBBBBB....  #  9
....BBBBBBBBBBBBBBBBBBBBBBBBBBBBBBBBBBBBBBBBBB....  # 10
....BBBBBBBBBBBBBBBBBBBBBBBBBBBBBCCCCCCCBBBBBB....  # 11
....BBBBBBBBBBBBBBBBBBBBBBBBBBBBBCCCCCCCBBBBBB....  # 12
....BBBBBBBBBBBBBBBBBBBBBBBBBBBBBCCCCCCCBBBBBB....  # 13
....BBBBBBBBBBBBBBBBBBBBBBBBBBBBBCCCCCCCBBBBBB....  # 14
....BBBBBBBBBBBBBBBBBBBBBBBBBBBBBCCCCCCCBBBBBB....  # 15
....BBBBBBBBBBBBBBBBBBBBBBBBBBBBBCCCCCCCBBBBBB....  # 16
....BBBBBBBBBBBBBBBBBBBBBBBBBBBBBCCCCCCCBBBBBB....  # 17
....BBBBBBBBBBBBBBBBBBBBBBBBBBBBBBBBBBBBBBBBBB....  # 18
....BBBBBBBBBBBBBBBBBBBBBBBBBBBBBBBBBBBBBBBBBB....  # 19
....BBBBBBBBBBBBBBBBBBBBBBBBBBBBBBBBBBBBBBBBBB....  # 20
....BBBBBBBDDDDDDDEEEEEEEEEEEEBBBBBBBBBBBBBBBB....  # 21
....BBBBBBBDDDDDDDEEEEEEEEEEEEBBBBBBBBBBBBBBBB....  # 22
....BBBBBBBDDDDDDDEEEEEEEEEEEEBBBBBBBBBBBBBBBB....  # 23
....BBBBBBBDDDDDDDEEEEEEEEEEEEBBBBBBBBBBBBBBBB....  # 24
....BBBBBBBFFFFFFFEEEEEEEEEEBBBBBBBBBBBBBBBBBB....  # 25
....BBBBBBBFFFFFFFEEEEEEEEEEBBBBBBBBBBBBBBBBBB....  # 26
....BBBBBBBFFFFFFFEEEEEEEEEEBBBBBBBBBBBBBBBBBB....  # 27
....BBBBBBBFFFFFGGGGGGGGHHHHBBBBBBBBBBBBBBBBBB....  # 28
....BBBBBBBIIIIIGGGGGGGGHHHHBBBBBBBBBBBBBBBBBB....  # 29
....BBBBBBBIIIIIGGGGGGGGHHHHBBBBBBBBBBBBBBBBBB....  # 30
....BBBBBBBIIIIIGGGGGGGGHHHHBBBBBBBBBBBBBBBBBB....  # 31
....BBBBBBBBBBBBBBBBBBBBBBBBBBBBBBBBBBBBBBBBBB....  # 32
....BBBBBBBBBBBBBBBBBBBBBBBBBBBBBBBBBBBBBBBBBB....  # 33
....BBBBBBBBBBBBBBBBBBBBBBBBBBBBBBBBBBBBBBBBBB....  # 34
....BBBBBBBBBBBBBBBBBBBBBBBBBBBBBBBBBBBBBBBBBB....  # 35
....BBBBBBBBBBBBBBBBBBBBBBBBBBBBBBBBBBBBBBBBBB....  # 36
....BBBBBBBBBBBBBBBBBBBBBBBBBBBBBBBBBBBBBBBBBB....  # 37
....BBBBBBBBBBBBBBBBBBBBBBBBBBBBBBBBBBBBBBBBBB....  # 38
....BBBBBBBBBBBBBBBBBBBBBBBBBBBBBBBBBBBBBBBBBB....  # 39
....BBBBBBBBBBBBBBBBBBBBBBBBBBBBBBBBBBBBBBBBBB....  # 40
....BBBBBBBBBBBBBBBBBBBBBBBBBBBBBBBBBBBBBBBBBB....  # 41
....BBBBBBBBBBBBBBBBBBBBBBBBBBBBBBBBBBBBBBBBBB....  # 42
....BBBBBBBBBBBBBBBBBBBBBBBBBBBBBBBBBBBBBBBBBB....  # 43
....BBBBBBBBBBBBBBBBBBBBBBBBBBBBBBBBBBBBBBBBBB....  # 44
....BBBBBBBBBBBBBBBBBBBBBBBBBBBBBBBBBBBBBBBBBB....  # 45
..................................................  # 46
..................................................  # 47
..................................................  # 48
..................................................  # 49

legend:
  A: A7
  B: A7
  C: A9
  D: A3
  E: A1
  F: A2
  G: A5
  H: A4
  I: A6

doors:
  17,36 south: door
  23,17 east: door
  26,17 east: door
  26,27 east: door
  27,21 south: door
  28,13 south: door
  30,23 east: door
  31,19 south: door
  31,20 south: door

trims:
  11,33: nw6
  12,33: nw6
  13,33: nw6
  11,37: ne6r
  12,38: ne6r
  13,39: ne6r
  15,33: sw6r
  16,33: sw6r
  17,33: sw6r
  15,39: se6r
  16,38: se6r
  17,37: se6r

fills:
  A7: water
  A7: water

props:
  12,24: tree facing:90
  13,35: ritual-circle
  14,21: campfire facing:90
  15,17: tree facing:90
  15,25: tree-stump
  16,21: tree facing:90
  18,25: tree facing:90
  19,13: tree
  19,19: tree-stump
  21,12: bed
  21,13: stool
  21,14: wardrobe
  21,19: hearth
  22,29: bookshelf
  23,12: chest
  23,22: chair facing:90
  23,23: map-table
  23,25: chair facing:270
  23,30: tree facing:90
  24,29: ship-wheel
  24,37: tree facing:90
  25,12: crate-stack
  25,14: fish-drying-rack
  25,23: chair facing:180
  25,28: telescope
  26,11: barrel-stack facing:90
  26,19: chair
  27,19: desk
  27,25: trunk
  27,28: wall-lantern facing:90
  28,15: crate
  28,17: bench
  28,23: barrel
  29,11: oven
  29,15: barrel
  29,16: bench facing:90
  29,17: table
  29,19: chair facing:270
  29,25: anchor
  29,26: lobster-trap
  30,25: rope-coil
  30,26: dock-cleat
  31,11: chopping-block
  31,12: stool
  31,14: wine-rack
  31,18: chair facing:180
  32,18: wall-lantern
  32,21: wall-lantern
  32,24: life-ring
  32,26: crate-stack
  34,14: tree facing:90
  34,35: tree facing:90
  37,11: dead-tree facing:270
  37,21: dead-tree facing:180
  38,34: dead-tree
  41,20: rowboat
  41,24: rowboat
  43,22: dock-post
  43,23: dock-post

textures:
  4,4: polyhaven/blue_metal_plate
  4,5: polyhaven/blue_metal_plate
  4,6: polyhaven/blue_metal_plate
  4,7: polyhaven/blue_metal_plate
  4,8: polyhaven/blue_metal_plate
  4,9: polyhaven/blue_metal_plate
  4,10: polyhaven/blue_metal_plate
  4,11: polyhaven/blue_metal_plate
  4,12: polyhaven/blue_metal_plate
  4,13: polyhaven/blue_metal_plate
  4,14: polyhaven/blue_metal_plate
  4,15: polyhaven/blue_metal_plate
  4,16: polyhaven/blue_metal_plate
  4,17: polyhaven/blue_metal_plate
  4,18: polyhaven/blue_metal_plate
  4,19: polyhaven/blue_metal_plate
  4,20: polyhaven/blue_metal_plate
  4,21: polyhaven/blue_metal_plate
  4,22: polyhaven/blue_metal_plate
  4,23: polyhaven/blue_metal_plate
  4,24: polyhaven/blue_metal_plate
  4,25: polyhaven/blue_metal_plate
  4,26: polyhaven/blue_metal_plate
  4,27: polyhaven/blue_metal_plate
  4,28: polyhaven/blue_metal_plate
  4,29: polyhaven/blue_metal_plate
  4,30: polyhaven/blue_metal_plate
  4,31: polyhaven/blue_metal_plate
  4,32: polyhaven/blue_metal_plate
  4,33: polyhaven/blue_metal_plate
  4,34: polyhaven/blue_metal_plate
  4,35: polyhaven/blue_metal_plate
  4,36: polyhaven/blue_metal_plate
  4,37: polyhaven/blue_metal_plate
  4,38: polyhaven/blue_metal_plate
  4,39: polyhaven/blue_metal_plate
  4,40: polyhaven/blue_metal_plate
  4,41: polyhaven/blue_metal_plate
  4,42: polyhaven/blue_metal_plate
  4,43: polyhaven/blue_metal_plate
  4,44: polyhaven/blue_metal_plate
  4,45: polyhaven/blue_metal_plate
  5,4: polyhaven/blue_metal_plate
  5,5: polyhaven/damp_sand
  5,6: polyhaven/damp_sand
  5,7: polyhaven/damp_sand
  5,8: polyhaven/damp_sand
  5,9: polyhaven/damp_sand
  5,10: polyhaven/damp_sand
  5,11: polyhaven/damp_sand
  5,12: polyhaven/damp_sand
  5,13: polyhaven/damp_sand
  5,14: polyhaven/damp_sand
  5,15: polyhaven/damp_sand
  5,16: polyhaven/damp_sand
  5,17: polyhaven/damp_sand
  5,18: polyhaven/damp_sand
  5,19: polyhaven/damp_sand
  5,20: polyhaven/damp_sand
  5,21: polyhaven/damp_sand
  5,22: polyhaven/damp_sand
  5,23: polyhaven/damp_sand
  5,24: polyhaven/damp_sand
  5,25: polyhaven/damp_sand
  5,26: polyhaven/damp_sand
  5,27: polyhaven/damp_sand
  5,28: polyhaven/damp_sand
  5,29: polyhaven/damp_sand
  5,30: polyhaven/damp_sand
  5,31: polyhaven/damp_sand
  5,32: polyhaven/damp_sand
  5,33: polyhaven/damp_sand
  5,34: polyhaven/damp_sand
  5,35: polyhaven/damp_sand
  5,36: polyhaven/damp_sand
  5,37: polyhaven/damp_sand
  5,38: polyhaven/damp_sand
  5,39: polyhaven/damp_sand
  5,40: polyhaven/damp_sand
  5,41: polyhaven/damp_sand
  5,42: polyhaven/damp_sand
  5,43: polyhaven/damp_sand
  5,44: polyhaven/damp_sand
  5,45: polyhaven/blue_metal_plate
  6,4: polyhaven/blue_metal_plate
  6,5: polyhaven/damp_sand
  6,6: polyhaven/damp_sand
  6,7: polyhaven/damp_sand
  6,8: polyhaven/damp_sand
  6,9: polyhaven/damp_sand
  6,10: polyhaven/damp_sand
  6,11: polyhaven/damp_sand
  6,12: polyhaven/damp_sand
  6,13: polyhaven/damp_sand
  6,14: polyhaven/damp_sand
  6,15: polyhaven/damp_sand
  6,16: polyhaven/damp_sand
  6,17: polyhaven/damp_sand
  6,18: polyhaven/damp_sand
  6,19: polyhaven/damp_sand
  6,20: polyhaven/damp_sand
  6,21: polyhaven/damp_sand
  6,22: polyhaven/damp_sand
  6,23: polyhaven/damp_sand
  6,24: polyhaven/damp_sand
  6,25: polyhaven/damp_sand
  6,26: polyhaven/damp_sand
  6,27: polyhaven/damp_sand
  6,28: polyhaven/damp_sand
  6,29: polyhaven/damp_sand
  6,30: polyhaven/damp_sand
  6,31: polyhaven/damp_sand
  6,32: polyhaven/damp_sand
  6,33: polyhaven/damp_sand
  6,34: polyhaven/damp_sand
  6,35: polyhaven/damp_sand
  6,36: polyhaven/damp_sand
  6,37: polyhaven/damp_sand
  6,38: polyhaven/damp_sand
  6,39: polyhaven/damp_sand
  6,40: polyhaven/damp_sand
  6,41: polyhaven/damp_sand
  6,42: polyhaven/damp_sand
  6,43: polyhaven/damp_sand
  6,44: polyhaven/damp_sand
  6,45: polyhaven/blue_metal_plate
  7,4: polyhaven/blue_metal_plate
  7,5: polyhaven/damp_sand
  7,6: polyhaven/damp_sand
  7,7: polyhaven/damp_sand
  7,8: polyhaven/damp_sand
  7,9: polyhaven/damp_sand
  7,10: polyhaven/damp_sand
  7,11: polyhaven/damp_sand
  7,12: polyhaven/damp_sand
  7,13: polyhaven/damp_sand
  7,14: polyhaven/damp_sand
  7,15: polyhaven/damp_sand
  7,16: polyhaven/damp_sand
  7,17: polyhaven/damp_sand
  7,18: polyhaven/damp_sand
  7,19: polyhaven/damp_sand
  7,20: polyhaven/damp_sand
  7,21: polyhaven/damp_sand
  7,22: polyhaven/damp_sand
  7,23: polyhaven/damp_sand
  7,24: polyhaven/damp_sand
  7,25: polyhaven/damp_sand
  7,26: polyhaven/damp_sand
  7,27: polyhaven/damp_sand
  7,28: polyhaven/damp_sand
  7,29: polyhaven/damp_sand
  7,30: polyhaven/damp_sand
  7,31: polyhaven/damp_sand
  7,32: polyhaven/damp_sand
  7,33: polyhaven/damp_sand
  7,34: polyhaven/damp_sand
  7,35: polyhaven/damp_sand
  7,36: polyhaven/damp_sand
  7,37: polyhaven/damp_sand
  7,38: polyhaven/damp_sand
  7,39: polyhaven/damp_sand
  7,40: polyhaven/damp_sand
  7,41: polyhaven/damp_sand
  7,42: polyhaven/damp_sand
  7,43: polyhaven/damp_sand
  7,44: polyhaven/damp_sand
  7,45: polyhaven/blue_metal_plate
  8,4: polyhaven/blue_metal_plate
  8,5: polyhaven/damp_sand
  8,6: polyhaven/damp_sand
  8,7: polyhaven/damp_sand
  8,8: polyhaven/damp_sand
  8,9: polyhaven/damp_sand
  8,10: polyhaven/damp_sand
  8,11: polyhaven/damp_sand
  8,12: polyhaven/damp_sand
  8,13: polyhaven/damp_sand
  8,14: polyhaven/damp_sand
  8,15: polyhaven/damp_sand
  8,16: polyhaven/damp_sand
  8,17: polyhaven/damp_sand
  8,18: polyhaven/damp_sand
  8,19: polyhaven/damp_sand
  8,20: polyhaven/damp_sand
  8,21: polyhaven/damp_sand
  8,22: polyhaven/damp_sand
  8,23: polyhaven/damp_sand
  8,24: polyhaven/damp_sand
  8,25: polyhaven/damp_sand
  8,26: polyhaven/damp_sand
  8,27: polyhaven/damp_sand
  8,28: polyhaven/damp_sand
  8,29: polyhaven/damp_sand
  8,30: polyhaven/damp_sand
  8,31: polyhaven/damp_sand
  8,32: polyhaven/damp_sand
  8,33: polyhaven/damp_sand
  8,34: polyhaven/damp_sand
  8,35: polyhaven/damp_sand
  8,36: polyhaven/damp_sand
  8,37: polyhaven/damp_sand
  8,38: polyhaven/damp_sand
  8,39: polyhaven/damp_sand
  8,40: polyhaven/damp_sand
  8,41: polyhaven/damp_sand
  8,42: polyhaven/damp_sand
  8,43: polyhaven/damp_sand
  8,44: polyhaven/damp_sand
  8,45: polyhaven/blue_metal_plate
  9,4: polyhaven/blue_metal_plate
  9,5: polyhaven/damp_sand
  9,6: polyhaven/damp_sand
  9,7: polyhaven/damp_sand
  9,8: polyhaven/damp_sand
  9,9: polyhaven/damp_sand
  9,10: polyhaven/damp_sand
  9,11: polyhaven/damp_sand
  9,12: polyhaven/damp_sand
  9,13: polyhaven/damp_sand
  9,14: polyhaven/damp_sand
  9,15: polyhaven/damp_sand
  9,16: polyhaven/damp_sand
  9,17: polyhaven/damp_sand
  9,18: polyhaven/damp_sand
  9,19: polyhaven/damp_sand
  9,20: polyhaven/damp_sand
  9,21: polyhaven/damp_sand
  9,22: polyhaven/damp_sand
  9,23: polyhaven/damp_sand
  9,24: polyhaven/damp_sand
  9,25: polyhaven/damp_sand
  9,26: polyhaven/damp_sand
  9,27: polyhaven/damp_sand
  9,28: polyhaven/damp_sand
  9,29: polyhaven/damp_sand
  9,30: polyhaven/damp_sand
  9,31: polyhaven/damp_sand
  9,32: polyhaven/damp_sand
  9,33: polyhaven/damp_sand
  9,34: polyhaven/damp_sand
  9,35: polyhaven/damp_sand
  9,36: polyhaven/damp_sand
  9,37: polyhaven/damp_sand
  9,38: polyhaven/damp_sand
  9,39: polyhaven/damp_sand
  9,40: polyhaven/damp_sand
  9,41: polyhaven/damp_sand
  9,42: polyhaven/damp_sand
  9,43: polyhaven/damp_sand
  9,44: polyhaven/damp_sand
  9,45: polyhaven/blue_metal_plate
  10,4: polyhaven/blue_metal_plate
  10,5: polyhaven/damp_sand
  10,6: polyhaven/damp_sand
  10,7: polyhaven/damp_sand
  10,8: polyhaven/damp_sand
  10,9: polyhaven/damp_sand
  10,10: polyhaven/damp_sand
  10,11: polyhaven/damp_sand
  10,12: polyhaven/damp_sand
  10,13: polyhaven/damp_sand
  10,14: polyhaven/damp_sand
  10,15: polyhaven/damp_sand
  10,16: polyhaven/damp_sand
  10,17: polyhaven/damp_sand
  10,18: polyhaven/damp_sand
  10,19: polyhaven/damp_sand
  10,20: polyhaven/damp_sand
  10,21: polyhaven/damp_sand
  10,22: polyhaven/damp_sand
  10,23: polyhaven/damp_sand
  10,24: polyhaven/damp_sand
  10,25: polyhaven/damp_sand
  10,26: polyhaven/damp_sand
  10,27: polyhaven/damp_sand
  10,28: polyhaven/damp_sand
  10,29: polyhaven/damp_sand
  10,30: polyhaven/damp_sand
  10,31: polyhaven/damp_sand
  10,32: polyhaven/damp_sand
  10,33: polyhaven/damp_sand
  10,34: polyhaven/damp_sand
  10,35: polyhaven/damp_sand
  10,36: polyhaven/damp_sand
  10,37: polyhaven/damp_sand
  10,38: polyhaven/damp_sand
  10,39: polyhaven/damp_sand
  10,40: polyhaven/damp_sand
  10,41: polyhaven/damp_sand
  10,42: polyhaven/damp_sand
  10,43: polyhaven/damp_sand
  10,44: polyhaven/damp_sand
  10,45: polyhaven/blue_metal_plate
  11,4: polyhaven/blue_metal_plate
  11,5: polyhaven/damp_sand
  11,6: polyhaven/damp_sand
  11,7: polyhaven/damp_sand
  11,8: polyhaven/damp_sand
  11,9: polyhaven/damp_sand
  11,10: polyhaven/damp_sand
  11,11: polyhaven/damp_sand
  11,12: polyhaven/damp_sand
  11,13: polyhaven/damp_sand
  11,14: polyhaven/damp_sand
  11,15: polyhaven/damp_sand
  11,16: polyhaven/damp_sand
  11,17: polyhaven/damp_sand
  11,18: polyhaven/damp_sand
  11,19: polyhaven/damp_sand
  11,20: polyhaven/aerial_grass_rock
  11,21: polyhaven/aerial_grass_rock
  11,22: polyhaven/aerial_grass_rock
  11,23: polyhaven/aerial_grass_rock
  11,24: polyhaven/aerial_grass_rock
  11,25: polyhaven/aerial_grass_rock
  11,26: polyhaven/aerial_grass_rock
  11,27: polyhaven/damp_sand
  11,28: polyhaven/damp_sand
  11,29: polyhaven/damp_sand
  11,30: polyhaven/damp_sand
  11,31: polyhaven/damp_sand
  11,32: polyhaven/damp_sand
  11,33: polyhaven/aerial_mud_1
  11,34: polyhaven/aerial_mud_1
  11,35: polyhaven/aerial_mud_1
  11,36: polyhaven/aerial_mud_1
  11,37: polyhaven/aerial_mud_1
  11,38: polyhaven/aerial_mud_1
  11,39: polyhaven/aerial_mud_1
  11,40: polyhaven/damp_sand
  11,41: polyhaven/damp_sand
  11,42: polyhaven/damp_sand
  11,43: polyhaven/damp_sand
  11,44: polyhaven/damp_sand
  11,45: polyhaven/blue_metal_plate
  12,4: polyhaven/blue_metal_plate
  12,5: polyhaven/damp_sand
  12,6: polyhaven/damp_sand
  12,7: polyhaven/damp_sand
  12,8: polyhaven/damp_sand
  12,9: polyhaven/damp_sand
  12,10: polyhaven/damp_sand
  12,11: polyhaven/damp_sand
  12,12: polyhaven/damp_sand
  12,13: polyhaven/damp_sand
  12,14: polyhaven/damp_sand
  12,15: polyhaven/damp_sand
  12,16: polyhaven/damp_sand
  12,17: polyhaven/damp_sand
  12,18: polyhaven/damp_sand
  12,19: polyhaven/aerial_grass_rock
  12,20: polyhaven/aerial_grass_rock
  12,21: polyhaven/aerial_grass_rock
  12,22: polyhaven/aerial_grass_rock
  12,23: polyhaven/aerial_grass_rock
  12,24: polyhaven/aerial_grass_rock
  12,25: polyhaven/aerial_grass_rock
  12,26: polyhaven/aerial_grass_rock
  12,27: polyhaven/damp_sand
  12,28: polyhaven/damp_sand
  12,29: polyhaven/damp_sand
  12,30: polyhaven/damp_sand
  12,31: polyhaven/damp_sand
  12,32: polyhaven/damp_sand
  12,33: polyhaven/aerial_mud_1
  12,34: polyhaven/aerial_mud_1
  12,35: polyhaven/aerial_mud_1
  12,36: polyhaven/aerial_mud_1
  12,37: polyhaven/aerial_mud_1
  12,38: polyhaven/aerial_mud_1
  12,39: polyhaven/aerial_mud_1
  12,40: polyhaven/damp_sand
  12,41: polyhaven/damp_sand
  12,42: polyhaven/damp_sand
  12,43: polyhaven/damp_sand
  12,44: polyhaven/damp_sand
  12,45: polyhaven/blue_metal_plate
  13,4: polyhaven/blue_metal_plate
  13,5: polyhaven/damp_sand
  13,6: polyhaven/damp_sand
  13,7: polyhaven/damp_sand
  13,8: polyhaven/damp_sand
  13,9: polyhaven/damp_sand
  13,10: polyhaven/damp_sand
  13,11: polyhaven/damp_sand
  13,12: polyhaven/damp_sand
  13,13: polyhaven/damp_sand
  13,14: polyhaven/damp_sand
  13,15: polyhaven/damp_sand
  13,16: polyhaven/damp_sand
  13,17: polyhaven/aerial_grass_rock
  13,18: polyhaven/aerial_grass_rock
  13,19: polyhaven/aerial_grass_rock
  13,20: polyhaven/aerial_grass_rock
  13,21: polyhaven/aerial_grass_rock
  13,22: polyhaven/aerial_grass_rock
  13,23: polyhaven/aerial_grass_rock
  13,24: polyhaven/aerial_grass_rock
  13,25: polyhaven/aerial_grass_rock
  13,26: polyhaven/aerial_grass_rock
  13,27: polyhaven/damp_sand
  13,28: polyhaven/damp_sand
  13,29: polyhaven/damp_sand
  13,30: polyhaven/damp_sand
  13,31: polyhaven/damp_sand
  13,32: polyhaven/damp_sand
  13,33: polyhaven/aerial_mud_1
  13,34: polyhaven/aerial_mud_1
  13,35: polyhaven/aerial_mud_1
  13,36: polyhaven/aerial_mud_1
  13,37: polyhaven/aerial_mud_1
  13,38: polyhaven/aerial_mud_1
  13,39: polyhaven/aerial_mud_1
  13,40: polyhaven/damp_sand
  13,41: polyhaven/damp_sand
  13,42: polyhaven/damp_sand
  13,43: polyhaven/damp_sand
  13,44: polyhaven/damp_sand
  13,45: polyhaven/blue_metal_plate
  14,4: polyhaven/blue_metal_plate
  14,5: polyhaven/damp_sand
  14,6: polyhaven/damp_sand
  14,7: polyhaven/damp_sand
  14,8: polyhaven/damp_sand
  14,9: polyhaven/damp_sand
  14,10: polyhaven/damp_sand
  14,11: polyhaven/damp_sand
  14,12: polyhaven/damp_sand
  14,13: polyhaven/damp_sand
  14,14: polyhaven/damp_sand
  14,15: polyhaven/damp_sand
  14,16: polyhaven/damp_sand
  14,17: polyhaven/aerial_grass_rock
  14,18: polyhaven/aerial_grass_rock
  14,19: polyhaven/aerial_grass_rock
  14,20: polyhaven/aerial_grass_rock
  14,21: polyhaven/aerial_grass_rock
  14,22: polyhaven/aerial_grass_rock
  14,23: polyhaven/aerial_grass_rock
  14,24: polyhaven/aerial_grass_rock
  14,25: polyhaven/aerial_grass_rock
  14,26: polyhaven/aerial_grass_rock
  14,27: polyhaven/damp_sand
  14,28: polyhaven/damp_sand
  14,29: polyhaven/damp_sand
  14,30: polyhaven/damp_sand
  14,31: polyhaven/damp_sand
  14,32: polyhaven/damp_sand
  14,33: polyhaven/aerial_mud_1
  14,34: polyhaven/aerial_mud_1
  14,35: polyhaven/aerial_mud_1
  14,36: polyhaven/aerial_mud_1
  14,37: polyhaven/aerial_mud_1
  14,38: polyhaven/aerial_mud_1
  14,39: polyhaven/aerial_mud_1
  14,40: polyhaven/damp_sand
  14,41: polyhaven/damp_sand
  14,42: polyhaven/damp_sand
  14,43: polyhaven/damp_sand
  14,44: polyhaven/damp_sand
  14,45: polyhaven/blue_metal_plate
  15,4: polyhaven/blue_metal_plate
  15,5: polyhaven/damp_sand
  15,6: polyhaven/damp_sand
  15,7: polyhaven/damp_sand
  15,8: polyhaven/damp_sand
  15,9: polyhaven/damp_sand
  15,10: polyhaven/damp_sand
  15,11: polyhaven/damp_sand
  15,12: polyhaven/damp_sand
  15,13: polyhaven/damp_sand
  15,14: polyhaven/damp_sand
  15,15: polyhaven/damp_sand
  15,16: polyhaven/damp_sand
  15,17: polyhaven/aerial_grass_rock
  15,18: polyhaven/aerial_grass_rock
  15,19: polyhaven/aerial_grass_rock
  15,20: polyhaven/aerial_grass_rock
  15,21: polyhaven/aerial_grass_rock
  15,22: polyhaven/aerial_grass_rock
  15,23: polyhaven/aerial_grass_rock
  15,24: polyhaven/aerial_grass_rock
  15,25: polyhaven/aerial_grass_rock
  15,26: polyhaven/aerial_grass_rock
  15,27: polyhaven/damp_sand
  15,28: polyhaven/damp_sand
  15,29: polyhaven/damp_sand
  15,30: polyhaven/damp_sand
  15,31: polyhaven/damp_sand
  15,32: polyhaven/damp_sand
  15,33: polyhaven/aerial_mud_1
  15,34: polyhaven/aerial_mud_1
  15,35: polyhaven/aerial_mud_1
  15,36: polyhaven/aerial_mud_1
  15,37: polyhaven/aerial_mud_1
  15,38: polyhaven/aerial_mud_1
  15,39: polyhaven/aerial_mud_1
  15,40: polyhaven/damp_sand
  15,41: polyhaven/damp_sand
  15,42: polyhaven/damp_sand
  15,43: polyhaven/damp_sand
  15,44: polyhaven/damp_sand
  15,45: polyhaven/blue_metal_plate
  16,4: polyhaven/blue_metal_plate
  16,5: polyhaven/damp_sand
  16,6: polyhaven/damp_sand
  16,7: polyhaven/damp_sand
  16,8: polyhaven/damp_sand
  16,9: polyhaven/damp_sand
  16,10: polyhaven/damp_sand
  16,11: polyhaven/damp_sand
  16,12: polyhaven/damp_sand
  16,13: polyhaven/damp_sand
  16,14: polyhaven/damp_sand
  16,15: polyhaven/damp_sand
  16,16: polyhaven/damp_sand
  16,17: polyhaven/aerial_grass_rock
  16,18: polyhaven/aerial_grass_rock
  16,19: polyhaven/aerial_grass_rock
  16,20: polyhaven/aerial_grass_rock
  16,21: polyhaven/aerial_grass_rock
  16,22: polyhaven/aerial_grass_rock
  16,23: polyhaven/aerial_grass_rock
  16,24: polyhaven/aerial_grass_rock
  16,25: polyhaven/aerial_grass_rock
  16,26: polyhaven/aerial_grass_rock
  16,27: polyhaven/damp_sand
  16,28: polyhaven/damp_sand
  16,29: polyhaven/damp_sand
  16,30: polyhaven/damp_sand
  16,31: polyhaven/damp_sand
  16,32: polyhaven/damp_sand
  16,33: polyhaven/aerial_mud_1
  16,34: polyhaven/aerial_mud_1
  16,35: polyhaven/aerial_mud_1
  16,36: polyhaven/aerial_mud_1
  16,37: polyhaven/aerial_mud_1
  16,38: polyhaven/aerial_mud_1
  16,39: polyhaven/aerial_mud_1
  16,40: polyhaven/damp_sand
  16,41: polyhaven/damp_sand
  16,42: polyhaven/damp_sand
  16,43: polyhaven/damp_sand
  16,44: polyhaven/damp_sand
  16,45: polyhaven/blue_metal_plate
  17,4: polyhaven/blue_metal_plate
  17,5: polyhaven/damp_sand
  17,6: polyhaven/damp_sand
  17,7: polyhaven/damp_sand
  17,8: polyhaven/damp_sand
  17,9: polyhaven/damp_sand
  17,10: polyhaven/damp_sand
  17,11: polyhaven/damp_sand
  17,12: polyhaven/damp_sand
  17,13: polyhaven/damp_sand
  17,14: polyhaven/damp_sand
  17,15: polyhaven/damp_sand
  17,16: polyhaven/aerial_grass_rock
  17,17: polyhaven/aerial_grass_rock
  17,18: polyhaven/aerial_grass_rock
  17,19: polyhaven/aerial_grass_rock
  17,20: polyhaven/aerial_grass_rock
  17,21: polyhaven/aerial_grass_rock
  17,22: polyhaven/aerial_grass_rock
  17,23: polyhaven/aerial_grass_rock
  17,24: polyhaven/aerial_grass_rock
  17,25: polyhaven/aerial_grass_rock
  17,26: polyhaven/aerial_grass_rock
  17,27: polyhaven/damp_sand
  17,28: polyhaven/damp_sand
  17,29: polyhaven/damp_sand
  17,30: polyhaven/damp_sand
  17,31: polyhaven/damp_sand
  17,32: polyhaven/damp_sand
  17,33: polyhaven/aerial_mud_1
  17,34: polyhaven/aerial_mud_1
  17,35: polyhaven/aerial_mud_1
  17,36: polyhaven/aerial_mud_1
  17,37: polyhaven/aerial_mud_1
  17,38: polyhaven/aerial_mud_1
  17,39: polyhaven/aerial_mud_1
  17,40: polyhaven/damp_sand
  17,41: polyhaven/damp_sand
  17,42: polyhaven/damp_sand
  17,43: polyhaven/damp_sand
  17,44: polyhaven/damp_sand
  17,45: polyhaven/blue_metal_plate
  18,4: polyhaven/blue_metal_plate
  18,5: polyhaven/damp_sand
  18,6: polyhaven/damp_sand
  18,7: polyhaven/damp_sand
  18,8: polyhaven/damp_sand
  18,9: polyhaven/damp_sand
  18,10: polyhaven/damp_sand
  18,11: polyhaven/damp_sand
  18,12: polyhaven/damp_sand
  18,13: polyhaven/aerial_grass_rock
  18,14: polyhaven/aerial_grass_rock
  18,15: polyhaven/aerial_grass_rock
  18,16: polyhaven/aerial_grass_rock
  18,17: polyhaven/aerial_grass_rock
  18,18: polyhaven/aerial_grass_rock
  18,19: polyhaven/aerial_grass_rock
  18,20: polyhaven/aerial_grass_rock
  18,21: polyhaven/aerial_grass_rock
  18,22: polyhaven/aerial_grass_rock
  18,23: polyhaven/aerial_grass_rock
  18,24: polyhaven/aerial_grass_rock
  18,25: polyhaven/aerial_grass_rock
  18,26: polyhaven/aerial_grass_rock
  18,27: polyhaven/aerial_grass_rock
  18,28: polyhaven/aerial_grass_rock
  18,29: polyhaven/damp_sand
  18,30: polyhaven/damp_sand
  18,31: polyhaven/damp_sand
  18,32: polyhaven/damp_sand
  18,33: polyhaven/damp_sand
  18,34: polyhaven/damp_sand
  18,35: polyhaven/damp_sand
  18,36: polyhaven/grass_path_2
  18,37: polyhaven/damp_sand
  18,38: polyhaven/damp_sand
  18,39: polyhaven/damp_sand
  18,40: polyhaven/damp_sand
  18,41: polyhaven/damp_sand
  18,42: polyhaven/damp_sand
  18,43: polyhaven/damp_sand
  18,44: polyhaven/damp_sand
  18,45: polyhaven/blue_metal_plate
  19,4: polyhaven/blue_metal_plate
  19,5: polyhaven/damp_sand
  19,6: polyhaven/damp_sand
  19,7: polyhaven/damp_sand
  19,8: polyhaven/damp_sand
  19,9: polyhaven/damp_sand
  19,10: polyhaven/damp_sand
  19,11: polyhaven/damp_sand
  19,12: polyhaven/damp_sand
  19,13: polyhaven/aerial_grass_rock
  19,14: polyhaven/aerial_grass_rock
  19,15: polyhaven/aerial_grass_rock
  19,16: polyhaven/aerial_grass_rock
  19,17: polyhaven/aerial_grass_rock
  19,18: polyhaven/aerial_grass_rock
  19,19: polyhaven/aerial_grass_rock
  19,20: polyhaven/aerial_grass_rock
  19,21: polyhaven/aerial_grass_rock
  19,22: polyhaven/aerial_grass_rock
  19,23: polyhaven/aerial_grass_rock
  19,24: polyhaven/aerial_grass_rock
  19,25: polyhaven/aerial_grass_rock
  19,26: polyhaven/aerial_grass_rock
  19,27: polyhaven/aerial_grass_rock
  19,28: polyhaven/aerial_grass_rock
  19,29: polyhaven/damp_sand
  19,30: polyhaven/damp_sand
  19,31: polyhaven/damp_sand
  19,32: polyhaven/damp_sand
  19,33: polyhaven/damp_sand
  19,34: polyhaven/damp_sand
  19,35: polyhaven/grass_path_2
  19,36: polyhaven/grass_path_2
  19,37: polyhaven/damp_sand
  19,38: polyhaven/damp_sand
  19,39: polyhaven/damp_sand
  19,40: polyhaven/damp_sand
  19,41: polyhaven/damp_sand
  19,42: polyhaven/damp_sand
  19,43: polyhaven/damp_sand
  19,44: polyhaven/damp_sand
  19,45: polyhaven/blue_metal_plate
  20,4: polyhaven/blue_metal_plate
  20,5: polyhaven/damp_sand
  20,6: polyhaven/damp_sand
  20,7: polyhaven/damp_sand
  20,8: polyhaven/damp_sand
  20,9: polyhaven/damp_sand
  20,10: polyhaven/aerial_grass_rock
  20,11: polyhaven/aerial_grass_rock
  20,12: polyhaven/aerial_grass_rock
  20,13: polyhaven/aerial_grass_rock
  20,14: polyhaven/aerial_grass_rock
  20,15: polyhaven/aerial_grass_rock
  20,16: polyhaven/aerial_grass_rock
  20,17: polyhaven/aerial_grass_rock
  20,18: polyhaven/aerial_grass_rock
  20,19: polyhaven/aerial_grass_rock
  20,20: polyhaven/aerial_grass_rock
  20,21: polyhaven/aerial_grass_rock
  20,22: polyhaven/aerial_grass_rock
  20,23: polyhaven/aerial_grass_rock
  20,24: polyhaven/aerial_grass_rock
  20,25: polyhaven/aerial_grass_rock
  20,26: polyhaven/aerial_grass_rock
  20,27: polyhaven/aerial_grass_rock
  20,28: polyhaven/aerial_grass_rock
  20,29: polyhaven/aerial_grass_rock
  20,30: polyhaven/damp_sand
  20,31: polyhaven/damp_sand
  20,32: polyhaven/damp_sand
  20,33: polyhaven/damp_sand
  20,34: polyhaven/grass_path_2
  20,35: polyhaven/grass_path_2
  20,36: polyhaven/damp_sand
  20,37: polyhaven/damp_sand
  20,38: polyhaven/damp_sand
  20,39: polyhaven/damp_sand
  20,40: polyhaven/damp_sand
  20,41: polyhaven/damp_sand
  20,42: polyhaven/damp_sand
  20,43: polyhaven/damp_sand
  20,44: polyhaven/damp_sand
  20,45: polyhaven/blue_metal_plate
  21,4: polyhaven/blue_metal_plate
  21,5: polyhaven/damp_sand
  21,6: polyhaven/damp_sand
  21,7: polyhaven/damp_sand
  21,8: polyhaven/damp_sand
  21,9: polyhaven/damp_sand
  21,10: polyhaven/aerial_grass_rock
  21,11: polyhaven/polar_fleece
  21,12: polyhaven/polar_fleece
  21,13: polyhaven/polar_fleece
  21,14: polyhaven/polar_fleece
  21,15: polyhaven/polar_fleece
  21,16: polyhaven/polar_fleece
  21,17: polyhaven/polar_fleece
  21,18: polyhaven/jogging_melange
  21,19: polyhaven/jogging_melange
  21,20: polyhaven/jogging_melange
  21,21: polyhaven/jogging_melange
  21,22: polyhaven/jogging_melange
  21,23: polyhaven/jogging_melange
  21,24: polyhaven/jogging_melange
  21,25: polyhaven/jogging_melange
  21,26: polyhaven/jogging_melange
  21,27: polyhaven/jogging_melange
  21,28: polyhaven/jogging_melange
  21,29: polyhaven/jogging_melange
  21,30: polyhaven/damp_sand
  21,31: polyhaven/damp_sand
  21,32: polyhaven/damp_sand
  21,33: polyhaven/grass_path_2
  21,34: polyhaven/grass_path_2
  21,35: polyhaven/damp_sand
  21,36: polyhaven/damp_sand
  21,37: polyhaven/damp_sand
  21,38: polyhaven/damp_sand
  21,39: polyhaven/damp_sand
  21,40: polyhaven/damp_sand
  21,41: polyhaven/damp_sand
  21,42: polyhaven/damp_sand
  21,43: polyhaven/damp_sand
  21,44: polyhaven/damp_sand
  21,45: polyhaven/blue_metal_plate
  22,4: polyhaven/blue_metal_plate
  22,5: polyhaven/damp_sand
  22,6: polyhaven/damp_sand
  22,7: polyhaven/damp_sand
  22,8: polyhaven/damp_sand
  22,9: polyhaven/damp_sand
  22,10: polyhaven/aerial_grass_rock
  22,11: polyhaven/polar_fleece
  22,12: polyhaven/polar_fleece
  22,13: polyhaven/polar_fleece
  22,14: polyhaven/polar_fleece
  22,15: polyhaven/polar_fleece
  22,16: polyhaven/polar_fleece
  22,17: polyhaven/polar_fleece
  22,18: polyhaven/jogging_melange
  22,19: polyhaven/jogging_melange
  22,20: polyhaven/jogging_melange
  22,21: polyhaven/jogging_melange
  22,22: polyhaven/jogging_melange
  22,23: polyhaven/jogging_melange
  22,24: polyhaven/jogging_melange
  22,25: polyhaven/jogging_melange
  22,26: polyhaven/jogging_melange
  22,27: polyhaven/jogging_melange
  22,28: polyhaven/jogging_melange
  22,29: polyhaven/jogging_melange
  22,30: polyhaven/aerial_grass_rock
  22,31: polyhaven/aerial_grass_rock
  22,32: polyhaven/aerial_grass_rock
  22,33: polyhaven/grass_path_2
  22,34: polyhaven/aerial_grass_rock
  22,35: polyhaven/damp_sand
  22,36: polyhaven/damp_sand
  22,37: polyhaven/damp_sand
  22,38: polyhaven/damp_sand
  22,39: polyhaven/damp_sand
  22,40: polyhaven/damp_sand
  22,41: polyhaven/damp_sand
  22,42: polyhaven/damp_sand
  22,43: polyhaven/damp_sand
  22,44: polyhaven/damp_sand
  22,45: polyhaven/blue_metal_plate
  23,4: polyhaven/blue_metal_plate
  23,5: polyhaven/damp_sand
  23,6: polyhaven/damp_sand
  23,7: polyhaven/damp_sand
  23,8: polyhaven/damp_sand
  23,9: polyhaven/damp_sand
  23,10: polyhaven/aerial_grass_rock
  23,11: polyhaven/polar_fleece
  23,12: polyhaven/polar_fleece
  23,13: polyhaven/polar_fleece
  23,14: polyhaven/polar_fleece
  23,15: polyhaven/polar_fleece
  23,16: polyhaven/polar_fleece
  23,17: polyhaven/polar_fleece
  23,18: polyhaven/jogging_melange
  23,19: polyhaven/jogging_melange
  23,20: polyhaven/jogging_melange
  23,21: polyhaven/jogging_melange
  23,22: polyhaven/jogging_melange
  23,23: polyhaven/jogging_melange
  23,24: polyhaven/jogging_melange
  23,25: polyhaven/jogging_melange
  23,26: polyhaven/jogging_melange
  23,27: polyhaven/jogging_melange
  23,28: polyhaven/jogging_melange
  23,29: polyhaven/jogging_melange
  23,30: polyhaven/aerial_grass_rock
  23,31: polyhaven/aerial_grass_rock
  23,32: polyhaven/aerial_grass_rock
  23,33: polyhaven/grass_path_2
  23,34: polyhaven/grass_path_2
  23,35: polyhaven/damp_sand
  23,36: polyhaven/damp_sand
  23,37: polyhaven/damp_sand
  23,38: polyhaven/damp_sand
  23,39: polyhaven/damp_sand
  23,40: polyhaven/damp_sand
  23,41: polyhaven/damp_sand
  23,42: polyhaven/damp_sand
  23,43: polyhaven/damp_sand
  23,44: polyhaven/damp_sand
  23,45: polyhaven/blue_metal_plate
  24,4: polyhaven/blue_metal_plate
  24,5: polyhaven/damp_sand
  24,6: polyhaven/damp_sand
  24,7: polyhaven/damp_sand
  24,8: polyhaven/damp_sand
  24,9: polyhaven/damp_sand
  24,10: polyhaven/aerial_grass_rock
  24,11: polyhaven/polar_fleece
  24,12: polyhaven/polar_fleece
  24,13: polyhaven/polar_fleece
  24,14: polyhaven/polar_fleece
  24,15: polyhaven/polar_fleece
  24,16: polyhaven/polar_fleece
  24,17: polyhaven/polar_fleece
  24,18: polyhaven/jogging_melange
  24,19: polyhaven/jogging_melange
  24,20: polyhaven/jogging_melange
  24,21: polyhaven/jogging_melange
  24,22: polyhaven/jogging_melange
  24,23: polyhaven/jogging_melange
  24,24: polyhaven/jogging_melange
  24,25: polyhaven/jogging_melange
  24,26: polyhaven/jogging_melange
  24,27: polyhaven/jogging_melange
  24,28: polyhaven/jogging_melange
  24,29: polyhaven/jogging_melange
  24,30: polyhaven/aerial_grass_rock
  24,31: polyhaven/aerial_grass_rock
  24,32: polyhaven/aerial_grass_rock
  24,33: polyhaven/grass_path_2
  24,34: polyhaven/grass_path_2
  24,35: polyhaven/aerial_grass_rock
  24,36: polyhaven/aerial_grass_rock
  24,37: polyhaven/aerial_grass_rock
  24,38: polyhaven/aerial_grass_rock
  24,39: polyhaven/aerial_grass_rock
  24,40: polyhaven/damp_sand
  24,41: polyhaven/damp_sand
  24,42: polyhaven/damp_sand
  24,43: polyhaven/damp_sand
  24,44: polyhaven/damp_sand
  24,45: polyhaven/blue_metal_plate
  25,4: polyhaven/blue_metal_plate
  25,5: polyhaven/damp_sand
  25,6: polyhaven/damp_sand
  25,7: polyhaven/damp_sand
  25,8: polyhaven/damp_sand
  25,9: polyhaven/damp_sand
  25,10: polyhaven/aerial_grass_rock
  25,11: polyhaven/hessian_230
  25,12: polyhaven/hessian_230
  25,13: polyhaven/hessian_230
  25,14: polyhaven/hessian_230
  25,15: polyhaven/hessian_230
  25,16: polyhaven/hessian_230
  25,17: polyhaven/hessian_230
  25,18: polyhaven/jogging_melange
  25,19: polyhaven/jogging_melange
  25,20: polyhaven/jogging_melange
  25,21: polyhaven/jogging_melange
  25,22: polyhaven/jogging_melange
  25,23: polyhaven/jogging_melange
  25,24: polyhaven/jogging_melange
  25,25: polyhaven/jogging_melange
  25,26: polyhaven/jogging_melange
  25,27: polyhaven/jogging_melange
  25,28: polyhaven/wood_floor_deck
  25,29: polyhaven/wood_floor_deck
  25,30: polyhaven/aerial_grass_rock
  25,31: polyhaven/aerial_grass_rock
  25,32: polyhaven/aerial_grass_rock
  25,33: polyhaven/grass_path_2
  25,34: polyhaven/aerial_grass_rock
  25,35: polyhaven/aerial_grass_rock
  25,36: polyhaven/aerial_grass_rock
  25,37: polyhaven/aerial_grass_rock
  25,38: polyhaven/aerial_grass_rock
  25,39: polyhaven/damp_sand
  25,40: polyhaven/damp_sand
  25,41: polyhaven/damp_sand
  25,42: polyhaven/damp_sand
  25,43: polyhaven/damp_sand
  25,44: polyhaven/damp_sand
  25,45: polyhaven/blue_metal_plate
  26,4: polyhaven/blue_metal_plate
  26,5: polyhaven/damp_sand
  26,6: polyhaven/damp_sand
  26,7: polyhaven/damp_sand
  26,8: polyhaven/damp_sand
  26,9: polyhaven/damp_sand
  26,10: polyhaven/aerial_grass_rock
  26,11: polyhaven/hessian_230
  26,12: polyhaven/hessian_230
  26,13: polyhaven/hessian_230
  26,14: polyhaven/hessian_230
  26,15: polyhaven/hessian_230
  26,16: polyhaven/hessian_230
  26,17: polyhaven/hessian_230
  26,18: polyhaven/jogging_melange
  26,19: polyhaven/jogging_melange
  26,20: polyhaven/jogging_melange
  26,21: polyhaven/jogging_melange
  26,22: polyhaven/jogging_melange
  26,23: polyhaven/jogging_melange
  26,24: polyhaven/jogging_melange
  26,25: polyhaven/jogging_melange
  26,26: polyhaven/jogging_melange
  26,27: polyhaven/jogging_melange
  26,28: polyhaven/wood_floor_deck
  26,29: polyhaven/wood_floor_deck
  26,30: polyhaven/aerial_grass_rock
  26,31: polyhaven/aerial_grass_rock
  26,32: polyhaven/aerial_grass_rock
  26,33: polyhaven/grass_path_2
  26,34: polyhaven/grass_path_2
  26,35: polyhaven/damp_sand
  26,36: polyhaven/damp_sand
  26,37: polyhaven/aerial_grass_rock
  26,38: polyhaven/aerial_grass_rock
  26,39: polyhaven/damp_sand
  26,40: polyhaven/damp_sand
  26,41: polyhaven/damp_sand
  26,42: polyhaven/damp_sand
  26,43: polyhaven/damp_sand
  26,44: polyhaven/damp_sand
  26,45: polyhaven/blue_metal_plate
  27,4: polyhaven/blue_metal_plate
  27,5: polyhaven/damp_sand
  27,6: polyhaven/damp_sand
  27,7: polyhaven/damp_sand
  27,8: polyhaven/damp_sand
  27,9: polyhaven/damp_sand
  27,10: polyhaven/aerial_grass_rock
  27,11: polyhaven/hessian_230
  27,12: polyhaven/hessian_230
  27,13: polyhaven/hessian_230
  27,14: polyhaven/hessian_230
  27,15: polyhaven/hessian_230
  27,16: polyhaven/hessian_230
  27,17: polyhaven/hessian_230
  27,18: polyhaven/jogging_melange
  27,19: polyhaven/jogging_melange
  27,20: polyhaven/jogging_melange
  27,21: polyhaven/jogging_melange
  27,22: polyhaven/jogging_melange
  27,23: polyhaven/jogging_melange
  27,24: polyhaven/jogging_melange
  27,25: polyhaven/jogging_melange
  27,26: polyhaven/jogging_melange
  27,27: polyhaven/jogging_melange
  27,28: polyhaven/wood_floor_deck
  27,29: polyhaven/wood_floor_deck
  27,30: polyhaven/aerial_grass_rock
  27,31: polyhaven/aerial_grass_rock
  27,32: polyhaven/aerial_grass_rock
  27,33: polyhaven/grass_path_2
  27,34: polyhaven/grass_path_2
  27,35: polyhaven/damp_sand
  27,36: polyhaven/damp_sand
  27,37: polyhaven/damp_sand
  27,38: polyhaven/damp_sand
  27,39: polyhaven/damp_sand
  27,40: polyhaven/damp_sand
  27,41: polyhaven/damp_sand
  27,42: polyhaven/damp_sand
  27,43: polyhaven/damp_sand
  27,44: polyhaven/damp_sand
  27,45: polyhaven/blue_metal_plate
  28,4: polyhaven/blue_metal_plate
  28,5: polyhaven/damp_sand
  28,6: polyhaven/damp_sand
  28,7: polyhaven/damp_sand
  28,8: polyhaven/damp_sand
  28,9: polyhaven/damp_sand
  28,10: polyhaven/aerial_grass_rock
  28,11: polyhaven/hessian_230
  28,12: polyhaven/hessian_230
  28,13: polyhaven/hessian_230
  28,14: polyhaven/hessian_230
  28,15: polyhaven/hessian_230
  28,16: polyhaven/crepe_satin
  28,17: polyhaven/crepe_satin
  28,18: polyhaven/crepe_satin
  28,19: polyhaven/crepe_satin
  28,20: polyhaven/crepe_satin
  28,21: polyhaven/crepe_satin
  28,22: polyhaven/crepe_satin
  28,23: polyhaven/crepe_satin
  28,24: polyhaven/cotton_jersey
  28,25: polyhaven/cotton_jersey
  28,26: polyhaven/cotton_jersey
  28,27: polyhaven/cotton_jersey
  28,28: polyhaven/wood_floor_deck
  28,29: polyhaven/wood_floor_deck
  28,30: polyhaven/aerial_grass_rock
  28,31: polyhaven/aerial_grass_rock
  28,32: polyhaven/aerial_grass_rock
  28,33: polyhaven/grass_path_2
  28,34: polyhaven/grass_path_2
  28,35: polyhaven/damp_sand
  28,36: polyhaven/damp_sand
  28,37: polyhaven/damp_sand
  28,38: polyhaven/damp_sand
  28,39: polyhaven/damp_sand
  28,40: polyhaven/damp_sand
  28,41: polyhaven/damp_sand
  28,42: polyhaven/damp_sand
  28,43: polyhaven/damp_sand
  28,44: polyhaven/damp_sand
  28,45: polyhaven/blue_metal_plate
  29,4: polyhaven/blue_metal_plate
  29,5: polyhaven/damp_sand
  29,6: polyhaven/damp_sand
  29,7: polyhaven/damp_sand
  29,8: polyhaven/damp_sand
  29,9: polyhaven/damp_sand
  29,10: polyhaven/aerial_grass_rock
  29,11: polyhaven/cotton_jersey
  29,12: polyhaven/cotton_jersey
  29,13: polyhaven/cotton_jersey
  29,14: polyhaven/cotton_jersey
  29,15: polyhaven/cotton_jersey
  29,16: polyhaven/crepe_satin
  29,17: polyhaven/crepe_satin
  29,18: polyhaven/crepe_satin
  29,19: polyhaven/crepe_satin
  29,20: polyhaven/crepe_satin
  29,21: polyhaven/crepe_satin
  29,22: polyhaven/crepe_satin
  29,23: polyhaven/crepe_satin
  29,24: polyhaven/cotton_jersey
  29,25: polyhaven/cotton_jersey
  29,26: polyhaven/cotton_jersey
  29,27: polyhaven/cotton_jersey
  29,28: polyhaven/wood_floor_deck
  29,29: polyhaven/wood_floor_deck
  29,30: polyhaven/aerial_grass_rock
  29,31: polyhaven/aerial_grass_rock
  29,32: polyhaven/grass_path_2
  29,33: polyhaven/grass_path_2
  29,34: polyhaven/aerial_grass_rock
  29,35: polyhaven/damp_sand
  29,36: polyhaven/damp_sand
  29,37: polyhaven/damp_sand
  29,38: polyhaven/damp_sand
  29,39: polyhaven/damp_sand
  29,40: polyhaven/damp_sand
  29,41: polyhaven/damp_sand
  29,42: polyhaven/damp_sand
  29,43: polyhaven/damp_sand
  29,44: polyhaven/damp_sand
  29,45: polyhaven/blue_metal_plate
  30,4: polyhaven/blue_metal_plate
  30,5: polyhaven/damp_sand
  30,6: polyhaven/damp_sand
  30,7: polyhaven/damp_sand
  30,8: polyhaven/damp_sand
  30,9: polyhaven/damp_sand
  30,10: polyhaven/aerial_grass_rock
  30,11: polyhaven/cotton_jersey
  30,12: polyhaven/cotton_jersey
  30,13: polyhaven/cotton_jersey
  30,14: polyhaven/cotton_jersey
  30,15: polyhaven/cotton_jersey
  30,16: polyhaven/crepe_satin
  30,17: polyhaven/crepe_satin
  30,18: polyhaven/crepe_satin
  30,19: polyhaven/crepe_satin
  30,20: polyhaven/crepe_satin
  30,21: polyhaven/crepe_satin
  30,22: polyhaven/crepe_satin
  30,23: polyhaven/crepe_satin
  30,24: polyhaven/cotton_jersey
  30,25: polyhaven/cotton_jersey
  30,26: polyhaven/cotton_jersey
  30,27: polyhaven/cotton_jersey
  30,28: polyhaven/aerial_grass_rock
  30,29: polyhaven/aerial_grass_rock
  30,30: polyhaven/aerial_grass_rock
  30,31: polyhaven/grass_path_2
  30,32: polyhaven/grass_path_2
  30,33: polyhaven/grass_path_2
  30,34: polyhaven/aerial_grass_rock
  30,35: polyhaven/damp_sand
  30,36: polyhaven/damp_sand
  30,37: polyhaven/damp_sand
  30,38: polyhaven/damp_sand
  30,39: polyhaven/damp_sand
  30,40: polyhaven/damp_sand
  30,41: polyhaven/damp_sand
  30,42: polyhaven/damp_sand
  30,43: polyhaven/damp_sand
  30,44: polyhaven/damp_sand
  30,45: polyhaven/blue_metal_plate
  31,4: polyhaven/blue_metal_plate
  31,5: polyhaven/damp_sand
  31,6: polyhaven/damp_sand
  31,7: polyhaven/damp_sand
  31,8: polyhaven/damp_sand
  31,9: polyhaven/damp_sand
  31,10: polyhaven/aerial_grass_rock
  31,11: polyhaven/cotton_jersey
  31,12: polyhaven/cotton_jersey
  31,13: polyhaven/cotton_jersey
  31,14: polyhaven/cotton_jersey
  31,15: polyhaven/cotton_jersey
  31,16: polyhaven/crepe_satin
  31,17: polyhaven/crepe_satin
  31,18: polyhaven/crepe_satin
  31,19: polyhaven/crepe_satin
  31,20: polyhaven/crepe_satin
  31,21: polyhaven/crepe_satin
  31,22: polyhaven/crepe_satin
  31,23: polyhaven/crepe_satin
  31,24: polyhaven/cotton_jersey
  31,25: polyhaven/cotton_jersey
  31,26: polyhaven/cotton_jersey
  31,27: polyhaven/cotton_jersey
  31,28: polyhaven/aerial_grass_rock
  31,29: polyhaven/aerial_grass_rock
  31,30: polyhaven/grass_path_2
  31,31: polyhaven/grass_path_2
  31,32: polyhaven/grass_path_2
  31,33: polyhaven/aerial_grass_rock
  31,34: polyhaven/aerial_grass_rock
  31,35: polyhaven/damp_sand
  31,36: polyhaven/damp_sand
  31,37: polyhaven/damp_sand
  31,38: polyhaven/damp_sand
  31,39: polyhaven/damp_sand
  31,40: polyhaven/damp_sand
  31,41: polyhaven/damp_sand
  31,42: polyhaven/damp_sand
  31,43: polyhaven/damp_sand
  31,44: polyhaven/damp_sand
  31,45: polyhaven/blue_metal_plate
  32,4: polyhaven/blue_metal_plate
  32,5: polyhaven/damp_sand
  32,6: polyhaven/damp_sand
  32,7: polyhaven/damp_sand
  32,8: polyhaven/damp_sand
  32,9: polyhaven/damp_sand
  32,10: polyhaven/aerial_grass_rock
  32,11: polyhaven/aerial_grass_rock
  32,12: polyhaven/aerial_grass_rock
  32,13: polyhaven/aerial_grass_rock
  32,14: polyhaven/aerial_grass_rock
  32,15: polyhaven/aerial_grass_rock
  32,16: polyhaven/aerial_grass_rock
  32,17: polyhaven/aerial_grass_rock
  32,18: polyhaven/aerial_grass_rock
  32,19: polyhaven/grass_path_2
  32,20: polyhaven/grass_path_2
  32,21: polyhaven/aerial_grass_rock
  32,22: polyhaven/aerial_grass_rock
  32,23: polyhaven/aerial_grass_rock
  32,24: polyhaven/aerial_grass_rock
  32,25: polyhaven/aerial_grass_rock
  32,26: polyhaven/aerial_grass_rock
  32,27: polyhaven/aerial_grass_rock
  32,28: polyhaven/aerial_grass_rock
  32,29: polyhaven/grass_path_2
  32,30: polyhaven/grass_path_2
  32,31: polyhaven/grass_path_2
  32,32: polyhaven/aerial_grass_rock
  32,33: polyhaven/aerial_grass_rock
  32,34: polyhaven/aerial_grass_rock
  32,35: polyhaven/damp_sand
  32,36: polyhaven/damp_sand
  32,37: polyhaven/damp_sand
  32,38: polyhaven/damp_sand
  32,39: polyhaven/damp_sand
  32,40: polyhaven/damp_sand
  32,41: polyhaven/damp_sand
  32,42: polyhaven/damp_sand
  32,43: polyhaven/damp_sand
  32,44: polyhaven/damp_sand
  32,45: polyhaven/blue_metal_plate
  33,4: polyhaven/blue_metal_plate
  33,5: polyhaven/damp_sand
  33,6: polyhaven/damp_sand
  33,7: polyhaven/damp_sand
  33,8: polyhaven/damp_sand
  33,9: polyhaven/damp_sand
  33,10: polyhaven/damp_sand
  33,11: polyhaven/aerial_grass_rock
  33,12: polyhaven/aerial_grass_rock
  33,13: polyhaven/aerial_grass_rock
  33,14: polyhaven/aerial_grass_rock
  33,15: polyhaven/aerial_grass_rock
  33,16: polyhaven/aerial_grass_rock
  33,17: polyhaven/aerial_grass_rock
  33,18: polyhaven/aerial_grass_rock
  33,19: polyhaven/grass_path_2
  33,20: polyhaven/grass_path_2
  33,21: polyhaven/grass_path_2
  33,22: polyhaven/grass_path_2
  33,23: polyhaven/grass_path_2
  33,24: polyhaven/grass_path_2
  33,25: polyhaven/grass_path_2
  33,26: polyhaven/grass_path_2
  33,27: polyhaven/grass_path_2
  33,28: polyhaven/grass_path_2
  33,29: polyhaven/grass_path_2
  33,30: polyhaven/grass_path_2
  33,31: polyhaven/aerial_grass_rock
  33,32: polyhaven/aerial_grass_rock
  33,33: polyhaven/aerial_grass_rock
  33,34: polyhaven/aerial_grass_rock
  33,35: polyhaven/aerial_grass_rock
  33,36: polyhaven/aerial_grass_rock
  33,37: polyhaven/aerial_grass_rock
  33,38: polyhaven/damp_sand
  33,39: polyhaven/damp_sand
  33,40: polyhaven/damp_sand
  33,41: polyhaven/damp_sand
  33,42: polyhaven/damp_sand
  33,43: polyhaven/damp_sand
  33,44: polyhaven/damp_sand
  33,45: polyhaven/blue_metal_plate
  34,4: polyhaven/blue_metal_plate
  34,5: polyhaven/damp_sand
  34,6: polyhaven/damp_sand
  34,7: polyhaven/damp_sand
  34,8: polyhaven/damp_sand
  34,9: polyhaven/damp_sand
  34,10: polyhaven/damp_sand
  34,11: polyhaven/aerial_grass_rock
  34,12: polyhaven/aerial_grass_rock
  34,13: polyhaven/aerial_grass_rock
  34,14: polyhaven/aerial_grass_rock
  34,15: polyhaven/aerial_grass_rock
  34,16: polyhaven/aerial_grass_rock
  34,17: polyhaven/aerial_grass_rock
  34,18: polyhaven/aerial_grass_rock
  34,19: polyhaven/aerial_grass_rock
  34,20: polyhaven/aerial_grass_rock
  34,21: polyhaven/grass_path_2
  34,22: polyhaven/grass_path_2
  34,23: polyhaven/grass_path_2
  34,24: polyhaven/damp_sand
  34,25: polyhaven/damp_sand
  34,26: polyhaven/damp_sand
  34,27: polyhaven/damp_sand
  34,28: polyhaven/damp_sand
  34,29: polyhaven/damp_sand
  34,30: polyhaven/damp_sand
  34,31: polyhaven/damp_sand
  34,32: polyhaven/damp_sand
  34,33: polyhaven/aerial_grass_rock
  34,34: polyhaven/aerial_grass_rock
  34,35: polyhaven/aerial_grass_rock
  34,36: polyhaven/aerial_grass_rock
  34,37: polyhaven/aerial_grass_rock
  34,38: polyhaven/aerial_grass_rock
  34,39: polyhaven/damp_sand
  34,40: polyhaven/damp_sand
  34,41: polyhaven/damp_sand
  34,42: polyhaven/damp_sand
  34,43: polyhaven/damp_sand
  34,44: polyhaven/damp_sand
  34,45: polyhaven/blue_metal_plate
  35,4: polyhaven/blue_metal_plate
  35,5: polyhaven/damp_sand
  35,6: polyhaven/damp_sand
  35,7: polyhaven/damp_sand
  35,8: polyhaven/damp_sand
  35,9: polyhaven/damp_sand
  35,10: polyhaven/damp_sand
  35,11: polyhaven/aerial_grass_rock
  35,12: polyhaven/aerial_grass_rock
  35,13: polyhaven/aerial_grass_rock
  35,14: polyhaven/aerial_grass_rock
  35,15: polyhaven/aerial_grass_rock
  35,16: polyhaven/aerial_grass_rock
  35,17: polyhaven/aerial_grass_rock
  35,18: polyhaven/aerial_grass_rock
  35,19: polyhaven/aerial_grass_rock
  35,20: polyhaven/aerial_grass_rock
  35,21: polyhaven/aerial_grass_rock
  35,22: polyhaven/aerial_grass_rock
  35,23: polyhaven/aerial_grass_rock
  35,24: polyhaven/damp_sand
  35,25: polyhaven/damp_sand
  35,26: polyhaven/damp_sand
  35,27: polyhaven/damp_sand
  35,28: polyhaven/damp_sand
  35,29: polyhaven/damp_sand
  35,30: polyhaven/damp_sand
  35,31: polyhaven/damp_sand
  35,32: polyhaven/damp_sand
  35,33: polyhaven/aerial_grass_rock
  35,34: polyhaven/aerial_grass_rock
  35,35: polyhaven/aerial_grass_rock
  35,36: polyhaven/aerial_grass_rock
  35,37: polyhaven/aerial_grass_rock
  35,38: polyhaven/aerial_grass_rock
  35,39: polyhaven/damp_sand
  35,40: polyhaven/damp_sand
  35,41: polyhaven/damp_sand
  35,42: polyhaven/damp_sand
  35,43: polyhaven/damp_sand
  35,44: polyhaven/damp_sand
  35,45: polyhaven/blue_metal_plate
  36,4: polyhaven/blue_metal_plate
  36,5: polyhaven/damp_sand
  36,6: polyhaven/damp_sand
  36,7: polyhaven/damp_sand
  36,8: polyhaven/damp_sand
  36,9: polyhaven/damp_sand
  36,10: polyhaven/damp_sand
  36,11: polyhaven/aerial_grass_rock
  36,12: polyhaven/aerial_grass_rock
  36,13: polyhaven/damp_sand
  36,14: polyhaven/damp_sand
  36,15: polyhaven/damp_sand
  36,16: polyhaven/damp_sand
  36,17: polyhaven/damp_sand
  36,18: polyhaven/damp_sand
  36,19: polyhaven/damp_sand
  36,20: polyhaven/aerial_grass_rock
  36,21: polyhaven/aerial_grass_rock
  36,22: polyhaven/aerial_grass_rock
  36,23: polyhaven/aerial_grass_rock
  36,24: polyhaven/damp_sand
  36,25: polyhaven/damp_sand
  36,26: polyhaven/damp_sand
  36,27: polyhaven/damp_sand
  36,28: polyhaven/damp_sand
  36,29: polyhaven/damp_sand
  36,30: polyhaven/damp_sand
  36,31: polyhaven/damp_sand
  36,32: polyhaven/damp_sand
  36,33: polyhaven/damp_sand
  36,34: polyhaven/aerial_grass_rock
  36,35: polyhaven/aerial_grass_rock
  36,36: polyhaven/aerial_grass_rock
  36,37: polyhaven/aerial_grass_rock
  36,38: polyhaven/aerial_grass_rock
  36,39: polyhaven/damp_sand
  36,40: polyhaven/damp_sand
  36,41: polyhaven/damp_sand
  36,42: polyhaven/damp_sand
  36,43: polyhaven/damp_sand
  36,44: polyhaven/damp_sand
  36,45: polyhaven/blue_metal_plate
  37,4: polyhaven/blue_metal_plate
  37,5: polyhaven/damp_sand
  37,6: polyhaven/damp_sand
  37,7: polyhaven/damp_sand
  37,8: polyhaven/damp_sand
  37,9: polyhaven/damp_sand
  37,10: polyhaven/damp_sand
  37,11: polyhaven/aerial_grass_rock
  37,12: polyhaven/aerial_grass_rock
  37,13: polyhaven/damp_sand
  37,14: polyhaven/damp_sand
  37,15: polyhaven/damp_sand
  37,16: polyhaven/damp_sand
  37,17: polyhaven/damp_sand
  37,18: polyhaven/damp_sand
  37,19: polyhaven/damp_sand
  37,20: polyhaven/aerial_grass_rock
  37,21: polyhaven/aerial_grass_rock
  37,22: polyhaven/aerial_grass_rock
  37,23: polyhaven/aerial_grass_rock
  37,24: polyhaven/damp_sand
  37,25: polyhaven/damp_sand
  37,26: polyhaven/damp_sand
  37,27: polyhaven/damp_sand
  37,28: polyhaven/damp_sand
  37,29: polyhaven/damp_sand
  37,30: polyhaven/damp_sand
  37,31: polyhaven/damp_sand
  37,32: polyhaven/damp_sand
  37,33: polyhaven/aerial_grass_rock
  37,34: polyhaven/aerial_grass_rock
  37,35: polyhaven/aerial_grass_rock
  37,36: polyhaven/aerial_grass_rock
  37,37: polyhaven/aerial_grass_rock
  37,38: polyhaven/damp_sand
  37,39: polyhaven/damp_sand
  37,40: polyhaven/damp_sand
  37,41: polyhaven/damp_sand
  37,42: polyhaven/damp_sand
  37,43: polyhaven/damp_sand
  37,44: polyhaven/damp_sand
  37,45: polyhaven/blue_metal_plate
  38,4: polyhaven/blue_metal_plate
  38,5: polyhaven/damp_sand
  38,6: polyhaven/damp_sand
  38,7: polyhaven/damp_sand
  38,8: polyhaven/damp_sand
  38,9: polyhaven/damp_sand
  38,10: polyhaven/damp_sand
  38,11: polyhaven/aerial_grass_rock
  38,12: polyhaven/aerial_grass_rock
  38,13: polyhaven/damp_sand
  38,14: polyhaven/damp_sand
  38,15: polyhaven/damp_sand
  38,16: polyhaven/damp_sand
  38,17: polyhaven/damp_sand
  38,18: polyhaven/damp_sand
  38,19: polyhaven/damp_sand
  38,20: polyhaven/damp_sand
  38,21: polyhaven/aerial_grass_rock
  38,22: polyhaven/aerial_grass_rock
  38,23: polyhaven/aerial_grass_rock
  38,24: polyhaven/aerial_grass_rock
  38,25: polyhaven/damp_sand
  38,26: polyhaven/damp_sand
  38,27: polyhaven/damp_sand
  38,28: polyhaven/damp_sand
  38,29: polyhaven/damp_sand
  38,30: polyhaven/damp_sand
  38,31: polyhaven/damp_sand
  38,32: polyhaven/aerial_grass_rock
  38,33: polyhaven/aerial_grass_rock
  38,34: polyhaven/aerial_grass_rock
  38,35: polyhaven/aerial_grass_rock
  38,36: polyhaven/aerial_grass_rock
  38,37: polyhaven/aerial_grass_rock
  38,38: polyhaven/damp_sand
  38,39: polyhaven/damp_sand
  38,40: polyhaven/damp_sand
  38,41: polyhaven/damp_sand
  38,42: polyhaven/damp_sand
  38,43: polyhaven/damp_sand
  38,44: polyhaven/damp_sand
  38,45: polyhaven/blue_metal_plate
  39,4: polyhaven/blue_metal_plate
  39,5: polyhaven/damp_sand
  39,6: polyhaven/damp_sand
  39,7: polyhaven/damp_sand
  39,8: polyhaven/damp_sand
  39,9: polyhaven/damp_sand
  39,10: polyhaven/damp_sand
  39,11: polyhaven/aerial_grass_rock
  39,12: polyhaven/aerial_grass_rock
  39,13: polyhaven/damp_sand
  39,14: polyhaven/damp_sand
  39,15: polyhaven/damp_sand
  39,16: polyhaven/damp_sand
  39,17: polyhaven/damp_sand
  39,18: polyhaven/damp_sand
  39,19: polyhaven/damp_sand
  39,20: polyhaven/damp_sand
  39,21: polyhaven/damp_sand
  39,22: polyhaven/damp_sand
  39,23: polyhaven/aerial_grass_rock
  39,24: polyhaven/aerial_grass_rock
  39,25: polyhaven/damp_sand
  39,26: polyhaven/damp_sand
  39,27: polyhaven/damp_sand
  39,28: polyhaven/damp_sand
  39,29: polyhaven/damp_sand
  39,30: polyhaven/damp_sand
  39,31: polyhaven/damp_sand
  39,32: polyhaven/damp_sand
  39,33: polyhaven/aerial_grass_rock
  39,34: polyhaven/aerial_grass_rock
  39,35: polyhaven/aerial_grass_rock
  39,36: polyhaven/damp_sand
  39,37: polyhaven/damp_sand
  39,38: polyhaven/damp_sand
  39,39: polyhaven/damp_sand
  39,40: polyhaven/damp_sand
  39,41: polyhaven/damp_sand
  39,42: polyhaven/damp_sand
  39,43: polyhaven/damp_sand
  39,44: polyhaven/damp_sand
  39,45: polyhaven/blue_metal_plate
  40,4: polyhaven/blue_metal_plate
  40,5: polyhaven/damp_sand
  40,6: polyhaven/damp_sand
  40,7: polyhaven/damp_sand
  40,8: polyhaven/damp_sand
  40,9: polyhaven/damp_sand
  40,10: polyhaven/damp_sand
  40,11: polyhaven/damp_sand
  40,12: polyhaven/damp_sand
  40,13: polyhaven/damp_sand
  40,14: polyhaven/damp_sand
  40,15: polyhaven/damp_sand
  40,16: polyhaven/damp_sand
  40,17: polyhaven/damp_sand
  40,18: polyhaven/damp_sand
  40,19: polyhaven/damp_sand
  40,20: polyhaven/damp_sand
  40,21: polyhaven/damp_sand
  40,22: polyhaven/damp_sand
  40,23: polyhaven/damp_sand
  40,24: polyhaven/damp_sand
  40,25: polyhaven/damp_sand
  40,26: polyhaven/damp_sand
  40,27: polyhaven/damp_sand
  40,28: polyhaven/damp_sand
  40,29: polyhaven/damp_sand
  40,30: polyhaven/damp_sand
  40,31: polyhaven/damp_sand
  40,32: polyhaven/damp_sand
  40,33: polyhaven/damp_sand
  40,34: polyhaven/damp_sand
  40,35: polyhaven/damp_sand
  40,36: polyhaven/damp_sand
  40,37: polyhaven/damp_sand
  40,38: polyhaven/damp_sand
  40,39: polyhaven/damp_sand
  40,40: polyhaven/damp_sand
  40,41: polyhaven/damp_sand
  40,42: polyhaven/damp_sand
  40,43: polyhaven/damp_sand
  40,44: polyhaven/damp_sand
  40,45: polyhaven/blue_metal_plate
  41,4: texturecan/melting_snow
  41,5: polyhaven/damp_sand
  41,6: polyhaven/damp_sand
  41,7: polyhaven/damp_sand
  41,8: polyhaven/damp_sand
  41,9: polyhaven/damp_sand
  41,10: polyhaven/damp_sand
  41,11: polyhaven/damp_sand
  41,12: polyhaven/damp_sand
  41,13: polyhaven/damp_sand
  41,14: polyhaven/damp_sand
  41,15: polyhaven/damp_sand
  41,16: polyhaven/damp_sand
  41,17: polyhaven/damp_sand
  41,18: polyhaven/damp_sand
  41,19: polyhaven/damp_sand
  41,20: polyhaven/damp_sand
  41,21: polyhaven/damp_sand
  41,22: polyhaven/damp_sand
  41,23: polyhaven/damp_sand
  41,24: polyhaven/damp_sand
  41,25: polyhaven/damp_sand
  41,26: polyhaven/damp_sand
  41,27: polyhaven/damp_sand
  41,28: polyhaven/damp_sand
  41,29: polyhaven/damp_sand
  41,30: polyhaven/damp_sand
  41,31: polyhaven/damp_sand
  41,32: polyhaven/damp_sand
  41,33: polyhaven/damp_sand
  41,34: polyhaven/damp_sand
  41,35: polyhaven/damp_sand
  41,36: polyhaven/damp_sand
  41,37: polyhaven/damp_sand
  41,38: polyhaven/damp_sand
  41,39: polyhaven/damp_sand
  41,40: polyhaven/damp_sand
  41,41: polyhaven/damp_sand
  41,42: polyhaven/damp_sand
  41,43: polyhaven/damp_sand
  41,44: polyhaven/damp_sand
  41,45: polyhaven/blue_metal_plate
  42,4: polyhaven/blue_metal_plate
  42,5: polyhaven/damp_sand
  42,6: polyhaven/damp_sand
  42,7: polyhaven/damp_sand
  42,8: polyhaven/damp_sand
  42,9: polyhaven/damp_sand
  42,10: polyhaven/damp_sand
  42,11: polyhaven/damp_sand
  42,12: polyhaven/damp_sand
  42,13: polyhaven/damp_sand
  42,14: polyhaven/damp_sand
  42,15: polyhaven/damp_sand
  42,16: polyhaven/damp_sand
  42,17: polyhaven/damp_sand
  42,18: polyhaven/damp_sand
  42,19: polyhaven/damp_sand
  42,20: polyhaven/damp_sand
  42,21: polyhaven/damp_sand
  42,22: polyhaven/damp_sand
  42,23: polyhaven/damp_sand
  42,24: polyhaven/damp_sand
  42,25: polyhaven/damp_sand
  42,26: polyhaven/damp_sand
  42,27: polyhaven/damp_sand
  42,28: polyhaven/damp_sand
  42,29: polyhaven/damp_sand
  42,30: polyhaven/damp_sand
  42,31: polyhaven/damp_sand
  42,32: polyhaven/damp_sand
  42,33: polyhaven/damp_sand
  42,34: polyhaven/damp_sand
  42,35: polyhaven/damp_sand
  42,36: polyhaven/damp_sand
  42,37: polyhaven/damp_sand
  42,38: polyhaven/damp_sand
  42,39: polyhaven/damp_sand
  42,40: polyhaven/damp_sand
  42,41: polyhaven/damp_sand
  42,42: polyhaven/damp_sand
  42,43: polyhaven/damp_sand
  42,44: polyhaven/damp_sand
  42,45: polyhaven/blue_metal_plate
  43,4: polyhaven/blue_metal_plate
  43,5: polyhaven/damp_sand
  43,6: polyhaven/damp_sand
  43,7: polyhaven/damp_sand
  43,8: polyhaven/damp_sand
  43,9: polyhaven/damp_sand
  43,10: polyhaven/damp_sand
  43,11: polyhaven/damp_sand
  43,12: polyhaven/damp_sand
  43,13: polyhaven/damp_sand
  43,14: polyhaven/damp_sand
  43,15: polyhaven/damp_sand
  43,16: polyhaven/damp_sand
  43,17: polyhaven/damp_sand
  43,18: polyhaven/damp_sand
  43,19: polyhaven/damp_sand
  43,20: polyhaven/damp_sand
  43,21: polyhaven/damp_sand
  43,22: polyhaven/damp_sand
  43,23: polyhaven/damp_sand
  43,24: polyhaven/damp_sand
  43,25: polyhaven/damp_sand
  43,26: polyhaven/damp_sand
  43,27: polyhaven/damp_sand
  43,28: polyhaven/damp_sand
  43,29: polyhaven/damp_sand
  43,30: polyhaven/damp_sand
  43,31: polyhaven/damp_sand
  43,32: polyhaven/damp_sand
  43,33: polyhaven/damp_sand
  43,34: polyhaven/damp_sand
  43,35: polyhaven/damp_sand
  43,36: polyhaven/damp_sand
  43,37: polyhaven/damp_sand
  43,38: polyhaven/damp_sand
  43,39: polyhaven/damp_sand
  43,40: polyhaven/damp_sand
  43,41: polyhaven/damp_sand
  43,42: polyhaven/damp_sand
  43,43: polyhaven/damp_sand
  43,44: polyhaven/damp_sand
  43,45: polyhaven/blue_metal_plate
  44,4: polyhaven/blue_metal_plate
  44,5: polyhaven/damp_sand
  44,6: polyhaven/damp_sand
  44,7: polyhaven/damp_sand
  44,8: polyhaven/damp_sand
  44,9: polyhaven/damp_sand
  44,10: polyhaven/damp_sand
  44,11: polyhaven/damp_sand
  44,12: polyhaven/damp_sand
  44,13: polyhaven/damp_sand
  44,14: polyhaven/damp_sand
  44,15: polyhaven/damp_sand
  44,16: polyhaven/damp_sand
  44,17: polyhaven/damp_sand
  44,18: polyhaven/damp_sand
  44,19: polyhaven/damp_sand
  44,20: polyhaven/damp_sand
  44,21: polyhaven/damp_sand
  44,22: polyhaven/damp_sand
  44,23: polyhaven/damp_sand
  44,24: polyhaven/damp_sand
  44,25: polyhaven/damp_sand
  44,26: polyhaven/damp_sand
  44,27: polyhaven/damp_sand
  44,28: polyhaven/damp_sand
  44,29: polyhaven/damp_sand
  44,30: polyhaven/damp_sand
  44,31: polyhaven/damp_sand
  44,32: polyhaven/damp_sand
  44,33: polyhaven/damp_sand
  44,34: polyhaven/damp_sand
  44,35: polyhaven/damp_sand
  44,36: polyhaven/damp_sand
  44,37: polyhaven/damp_sand
  44,38: polyhaven/damp_sand
  44,39: polyhaven/damp_sand
  44,40: polyhaven/damp_sand
  44,41: polyhaven/damp_sand
  44,42: polyhaven/damp_sand
  44,43: polyhaven/damp_sand
  44,44: polyhaven/damp_sand
  44,45: polyhaven/blue_metal_plate
  45,4: polyhaven/blue_metal_plate
  45,5: polyhaven/blue_metal_plate
  45,6: polyhaven/blue_metal_plate
  45,7: polyhaven/blue_metal_plate
  45,8: polyhaven/blue_metal_plate
  45,9: polyhaven/blue_metal_plate
  45,10: polyhaven/blue_metal_plate
  45,11: polyhaven/blue_metal_plate
  45,12: polyhaven/blue_metal_plate
  45,13: polyhaven/blue_metal_plate
  45,14: polyhaven/blue_metal_plate
  45,15: polyhaven/blue_metal_plate
  45,16: polyhaven/blue_metal_plate
  45,17: polyhaven/blue_metal_plate
  45,18: polyhaven/blue_metal_plate
  45,19: polyhaven/blue_metal_plate
  45,20: polyhaven/blue_metal_plate
  45,21: polyhaven/blue_metal_plate
  45,22: polyhaven/blue_metal_plate
  45,23: polyhaven/blue_metal_plate
  45,24: polyhaven/blue_metal_plate
  45,25: polyhaven/blue_metal_plate
  45,26: polyhaven/blue_metal_plate
  45,27: polyhaven/blue_metal_plate
  45,28: polyhaven/blue_metal_plate
  45,29: polyhaven/blue_metal_plate
  45,30: polyhaven/blue_metal_plate
  45,31: polyhaven/blue_metal_plate
  45,32: polyhaven/blue_metal_plate
  45,33: polyhaven/blue_metal_plate
  45,34: polyhaven/blue_metal_plate
  45,35: polyhaven/blue_metal_plate
  45,36: polyhaven/blue_metal_plate
  45,37: polyhaven/blue_metal_plate
  45,38: polyhaven/blue_metal_plate
  45,39: polyhaven/blue_metal_plate
  45,40: polyhaven/blue_metal_plate
  45,41: polyhaven/blue_metal_plate
  45,42: polyhaven/blue_metal_plate
  45,43: polyhaven/blue_metal_plate
  45,44: polyhaven/blue_metal_plate
  45,45: polyhaven/blue_metal_plate

lights:
  99.99917515363803,110.07193537428003: color:ff7733 radius:25 falloff:linear
  92.5103681389862,162.18509801092753: color:ffbb55 radius:20 intensity:0.8
  107.59938005875931,162.278240059815: color:ffbb55 radius:20 intensity:0.8
  142.43450634267995,137.5955971046306: color:ffbb55 radius:20 intensity:0.8
  67.54829903713932,107.3244312161969: color:ff9944 radius:10 intensity:0.5
  99.86859000109777,149.70406346000408: color:ff8833 radius:20
  147.50494622959212,122.44229521845371: color:44ff88 radius:15 intensity:0.8 falloff:quadratic
  107.55564363655773,72.54867039045529: color:ff6622 radius:30 intensity:1.2
  182.66132433532078,72.91170611669851: color:ff2200 radius:25 intensity:1.3
