---
name: Mines
theme: [object Object]
showGrid: true
compassRose: true
scale: true
border: true
---

# ROOMS  (row,col — same as Puppeteer API, row increases downward)
# A1   rows 0-5, cols 5-17  center row 3, col 11
# A10  rows 4-46, cols 15-40  center row 25, col 28
# A2   rows 6-10, cols 7-14  center row 8, col 11
# A3   rows 9-16, cols 3-11  center row 13, col 7
# A5   rows 10-20, cols 11-19  center row 15, col 15
# A4   rows 17-23, cols 3-10  center row 20, col 7
# A13  rows 18-21, cols 44-47  center row 20, col 46
# A12  rows 19-28, cols 37-44  center row 24, col 41
# A6   rows 21-30, cols 11-17  center row 26, col 14
# A14  rows 22-25, cols 46-47  center row 24, col 47
# A7   rows 23-34, cols 3-13  center row 29, col 8
# A15  rows 26-29, cols 44-47  center row 28, col 46
# A8   rows 33-46, cols 3-16  center row 40, col 10
#
# col: 0    5    10   15   20   25   30   35   40   45
.....AAAAAAAAAAAAA................................  #  0
.....AAAAAAAAAAAAA................................  #  1
.....AAAAAAAAAA..A................................  #  2
......AAAAAAAA....................................  #  3
........AAAAAA.......BBBBBBBBBBBBB................  #  4
..........AAAA.......BBBBBBBBBBBBBB...............  #  5
..........CCCC.......BBBBBBBBBBBBBB...............  #  6
.......CCCCCCCC......BBBBBBBBBBBBB................  #  7
.......CCCCCCCC......BBBBBBBBBBBBB................  #  8
.......DCCCCCCC........BBBBBBBBBB.................  #  9
.......DDCCCCCEEE......BBBBBBBBBB.................  # 10
....DDDDDD....EEEEE.....BBBBBBBBB.................  # 11
...DDDDDDD....EEEEE.....BBBBBBBB..................  # 12
...DDDDDDDDD.EEEEEE.....BBBBBBBB..................  # 13
...DDDDDDDDD.EEEEEE.....BBBBBBBB..................  # 14
...DDDDDDDDD...EEEEE...BBBBBBBBBB.................  # 15
...DDDDD.DDD...EEEEE...BBBBBBBBBBB................  # 16
...FFFFF.......EEEEE...BBBBBBBBBBBB...............  # 17
...FFFFFFFFEEEEEEEEE...BBBBBBBBBBBB.........GGGG..  # 18
...FFFFFFFFEEEEEEEEE...BBBBBBBBBBB.....HHHHHGGGG..  # 19
...FFFFFFF..EEEEEEE.....BBBBBBBBBB.....HHHHHGGGG..  # 20
....FFFFF...IIIIII......BBBBBBBBB......HHHHHGGGG..  # 21
....FFFF....IIIIII.....BBBBBBBBBBB...HHHHHHHH.JJ..  # 22
...KKFKK....IIIIII.....BBBBBBBBBBBBBBHHHHHHHH.JJ..  # 23
...KKKKK....IIIIII.....BBBBBBBBBBBBBBHHHHHHHH.JJ..  # 24
...KKKKK....IIIIII....BBBBBBBBBBBB...HHHHHHHH.JJ..  # 25
...KKKKK...IIIIII.....BBBBBBBBBBBB.....HHHHHLLLL..  # 26
....KKKK...IIIII...BBBBBBBBBBBBBBB.....HHHHHLLLL..  # 27
.....KKKKKKKIIII...BBBBBBBBBBBBBBB.....HHHHHLLLL..  # 28
......KKKKKKKII...BBBBBBBBBBBBBBBBB.........LLLL..  # 29
......KKKKKKKKI...BBBBBBBBBBBBBBBBBB..............  # 30
......KKKKKKKK...BBBBBBBBBBBBBBBBBBBB.............  # 31
......KKKKKKKK...BBBBBBBBBBBBBBBBBBBBB............  # 32
.....MMMMMMKKK...BB.BBBBBBBBBBBBBBBBBB............  # 33
....MMMMMMMMK....BB.BBBBBBBBBBB...BBBB............  # 34
....MMMMMMMM....BBB.BBBBBBBBBBB....BBB............  # 35
....MMMMMMMMM...BBBBBBBBBBBBBBB....BBB............  # 36
...MMMMMMMMMMMMBBBBBBBBBBBBBBBBB...BBBBB..........  # 37
...MMMMMMMMMMMMBBBBBBBBBBBBBBBBB...BBBBBB.........  # 38
...MMMMMMMMMM...BBBBBBBBBBBBBBBBBBBBBBBBB.........  # 39
...MMMMMMMMMMM...BBBBBBBBBBBBBBBBBBBBBBBB.........  # 40
.....MMMMMMMMMM...BBBBBBBBBBBBBBBBB..BBBB.........  # 41
.....MMMMMMMMMMM...BBBBBBBBBBBBBBB...BBBB.........  # 42
.....MMMMMMMMMMMM..BBBBBBBBBBBBBBBB..BBBB.........  # 43
......MMMMMMMMMMM..BBBBBBBBBBBBBBBBBBBBBB.........  # 44
.......MMMMMMMMMM..BBBBBBBBBBBBBBBBBBBBB..........  # 45
.......MMMMMMMMM....BBBBBBBBBBBBBBBBBBB...........  # 46
..................................................  # 47
..................................................  # 48
..................................................  # 49

legend:
  A: A1
  B: A10
  C: A2
  D: A3
  E: A5
  F: A4
  G: A13
  H: A12
  I: A6
  J: A14
  K: A7
  L: A15
  M: A8

doors:
  5,11 south: door
  5,12 south: door
  16,5 south: door
  19,10 east: door
  20,14 south: door
  20,43 east: door
  21,46 south: door
  23,5 south: door
  23,36 east: door
  24,36 east: door
  25,46 south: door
  27,43 east: door
  32,7 south: door
  32,8 south: door
  37,14 east: door
  38,14 east: door

trims:
  7,7: nw
  12,9: se3
  13,8: se3
  16,7: se3
  13,9: nw
  14,14: se
  16,15: sw
  17,7: ne
  17,15: nw

fills:
  4,21: pit
  5,21: pit
  4,22: pit
  6,21: pit
  5,22: pit
  4,23: water
  6,22: pit
  5,23: water
  4,24: pit
  7,22: pit
  6,23: pit
  5,24: water
  4,25: pit
  7,23: pit
  6,24: water
  5,25: pit
  4,26: pit
  7,24: pit
  6,25: water
  5,26: pit
  4,27: pit
  8,24: pit
  7,25: water
  6,26: pit
  5,27: pit
  8,25: pit
  7,26: water
  6,27: pit
  9,25: pit
  8,26: water
  7,27: pit
  6,28: pit
  10,25: pit
  9,26: pit
  8,27: water
  7,28: pit
  11,25: pit
  10,26: pit
  9,27: water
  8,28: pit
  12,25: pit
  11,26: pit
  10,27: pit
  9,28: water
  8,29: pit
  12,26: pit
  11,27: pit
  10,28: water
  9,29: pit
  13,26: pit
  12,27: pit
  11,28: water
  10,29: pit
  9,30: pit
  14,26: pit
  13,27: pit
  12,28: water
  11,29: pit
  10,30: pit
  16,25: pit
  15,26: pit
  14,27: pit
  13,28: water
  12,29: pit
  11,30: pit
  17,25: pit
  16,26: pit
  15,27: pit
  14,28: water
  13,29: pit
  12,30: pit
  18,25: pit
  17,26: pit
  16,27: pit
  15,28: pit
  14,29: water
  13,30: pit
  19,25: pit
  18,26: pit
  17,27: pit
  16,28: pit
  15,29: water
  14,30: pit
  19,26: pit
  18,27: pit
  17,28: pit
  16,29: water
  15,30: pit
  20,26: pit
  19,27: pit
  18,28: pit
  17,29: water
  16,30: pit
  21,26: pit
  20,27: pit
  19,28: pit
  18,29: water
  17,30: pit
  22,26: pit
  21,27: pit
  20,28: pit
  19,29: water
  18,30: pit
  17,31: pit
  22,27: pit
  21,28: pit
  20,29: water
  19,30: pit
  18,31: pit
  17,32: pit
  24,26: pit
  23,27: pit
  22,28: pit
  21,29: water
  20,30: pit
  18,32: pit
  26,25: pit
  25,26: pit
  24,27: pit
  23,28: pit
  22,29: water
  21,30: pit
  28,24: pit
  27,25: pit
  26,26: pit
  25,27: pit
  24,28: pit
  23,29: water
  22,30: pit
  29,24: pit
  28,25: pit
  27,26: pit
  26,27: pit
  25,28: water
  24,29: water
  23,30: pit
  30,24: pit
  29,25: pit
  28,26: water
  27,27: water
  26,28: water
  25,29: water
  24,30: pit
  31,24: pit
  30,25: pit
  30,23: pit
  29,26: water
  28,27: water
  27,28: water
  26,29: pit
  25,30: pit
  32,24: pit
  31,25: pit
  31,23: pit
  30,26: pit
  29,27: pit
  28,28: pit
  27,29: pit
  26,30: pit
  33,24: pit
  32,25: water
  32,23: pit
  31,26: pit
  30,27: pit
  29,28: pit
  28,29: pit
  34,24: pit
  33,25: water
  33,23: pit
  32,26: pit
  31,27: pit
  30,28: pit
  29,29: pit
  35,24: pit
  34,25: water
  34,23: pit
  33,26: pit
  33,22: pit
  32,27: pit
  31,28: pit
  36,24: pit
  35,25: water
  35,23: pit
  34,26: pit
  34,22: pit
  33,27: pit
  37,24: pit
  36,25: water
  36,23: pit
  35,26: pit
  35,22: pit
  34,27: pit
  38,24: pit
  37,25: water
  37,23: pit
  36,26: pit
  36,22: pit
  35,27: pit
  34,28: pit
  39,24: pit
  38,25: water
  38,23: pit
  37,26: pit
  37,22: pit
  36,27: pit
  35,28: pit
  40,24: pit
  39,25: water
  39,23: pit
  38,26: pit
  38,22: pit
  37,27: pit
  36,28: pit
  41,24: pit
  40,25: water
  40,23: pit
  39,26: pit
  39,22: pit
  38,27: pit
  42,24: pit
  41,25: water
  41,23: pit
  40,26: pit
  40,22: pit
  39,27: pit
  38,28: pit
  43,24: pit
  42,25: water
  42,23: pit
  41,26: pit
  41,22: pit
  40,27: pit
  39,28: pit
  44,24: pit
  43,25: pit
  43,23: pit
  42,26: water
  42,22: pit
  41,27: pit
  40,28: pit
  45,24: pit
  44,25: pit
  44,23: pit
  43,26: water
  43,22: pit
  42,27: pit
  42,21: pit
  41,28: pit
  46,24: pit
  45,25: pit
  45,23: pit
  44,26: water
  44,22: pit
  43,27: pit
  43,21: pit
  42,28: pit
  46,25: pit
  46,23: pit
  45,26: water
  45,22: pit
  44,27: pit
  43,28: pit
  42,29: pit
  46,26: water
  46,22: pit
  45,27: pit
  44,28: pit
  43,29: pit
  46,27: pit
  45,28: pit
  44,29: pit
  43,30: pit
  46,28: pit
  45,29: pit
  44,30: pit
  46,29: pit
  45,30: pit
  46,30: pit
  39,7: pit
  40,7: pit
  39,8: pit
  40,8: pit
  41,8: pit
  40,9: pit
  42,8: pit
  41,9: water
  40,10: pit
  42,9: pit
  41,10: pit
  43,9: pit
  42,10: water
  41,11: pit
  43,10: pit
  42,11: pit
  44,10: pit
  43,11: pit

props:
  0,15: tree facing:90
  1,7: tree facing:90
  14,10: coffin
  14,11: floor-candelabra
  14,14: pillar-corner
  18,45: coffin
  18,46: coffin
  19,39: candelabra facing:270
  21,39: bench facing:90
  21,40: bench facing:90
  21,41: bench facing:90
  21,44: skeleton facing:90
  22,44: candelabra facing:270
  23,43: altar
  23,46: spice-shelf facing:90
  25,39: bench facing:90
  25,40: bench facing:90
  25,41: bench facing:90
  25,44: candelabra facing:90
  28,39: candelabra

textures:
  0,5: polyhaven/leafy_grass
  0,6: polyhaven/leafy_grass
  0,7: polyhaven/leafy_grass
  0,8: polyhaven/leafy_grass
  0,9: polyhaven/leafy_grass
  0,10: polyhaven/red_dirt_mud_01
  0,11: polyhaven/red_dirt_mud_01
  0,12: polyhaven/leafy_grass
  0,13: polyhaven/leafy_grass
  0,14: polyhaven/leafy_grass
  0,15: polyhaven/leafy_grass
  0,16: polyhaven/leafy_grass
  0,17: polyhaven/leafy_grass
  1,5: polyhaven/leafy_grass
  1,6: polyhaven/leafy_grass
  1,7: polyhaven/leafy_grass
  1,8: polyhaven/leafy_grass
  1,9: polyhaven/leafy_grass
  1,10: polyhaven/red_dirt_mud_01
  1,11: polyhaven/red_dirt_mud_01
  1,12: polyhaven/red_dirt_mud_01
  1,13: polyhaven/leafy_grass
  1,14: polyhaven/leafy_grass
  1,15: polyhaven/leafy_grass
  1,16: polyhaven/leafy_grass
  1,17: polyhaven/leafy_grass
  2,5: polyhaven/leafy_grass
  2,6: polyhaven/leafy_grass
  2,7: polyhaven/leafy_grass
  2,8: polyhaven/leafy_grass
  2,9: polyhaven/leafy_grass
  2,10: polyhaven/leafy_grass
  2,11: polyhaven/red_dirt_mud_01
  2,12: polyhaven/red_dirt_mud_01
  2,13: polyhaven/leafy_grass
  2,14: polyhaven/leafy_grass
  2,17: polyhaven/leafy_grass
  3,6: polyhaven/leafy_grass
  3,7: polyhaven/leafy_grass
  3,8: polyhaven/leafy_grass
  3,9: polyhaven/leafy_grass
  3,10: polyhaven/leafy_grass
  3,11: polyhaven/red_dirt_mud_01
  3,12: polyhaven/red_dirt_mud_01
  3,13: polyhaven/leafy_grass
  4,8: polyhaven/leafy_grass
  4,9: polyhaven/leafy_grass
  4,10: polyhaven/leafy_grass
  4,11: polyhaven/red_dirt_mud_01
  4,12: polyhaven/red_dirt_mud_01
  4,13: polyhaven/leafy_grass
  4,21: polyhaven/dirt
  4,22: polyhaven/dirt
  4,23: polyhaven/dirt
  4,24: polyhaven/dirt
  4,25: polyhaven/dirt
  4,26: polyhaven/dirt
  4,27: polyhaven/dirt
  4,28: polyhaven/dirt
  4,29: polyhaven/dirt
  4,30: polyhaven/dirt
  4,31: polyhaven/dirt
  4,32: polyhaven/dirt
  4,33: polyhaven/dirt
  5,10: polyhaven/leafy_grass
  5,11: polyhaven/red_dirt_mud_01
  5,12: polyhaven/red_dirt_mud_01
  5,13: polyhaven/leafy_grass
  5,21: polyhaven/dirt
  5,22: polyhaven/dirt
  5,23: polyhaven/dirt
  5,24: polyhaven/dirt
  5,25: polyhaven/dirt
  5,26: polyhaven/dirt
  5,27: polyhaven/dirt
  5,28: polyhaven/dirt
  5,29: polyhaven/dirt
  5,30: polyhaven/dirt
  5,31: polyhaven/dirt
  5,32: polyhaven/dirt
  5,33: polyhaven/dirt
  5,34: polyhaven/dirt
  6,10: polyhaven/dirt
  6,11: polyhaven/dirt_floor
  6,12: polyhaven/dirt_floor
  6,13: polyhaven/dirt
  6,21: polyhaven/dirt
  6,22: polyhaven/dirt
  6,23: polyhaven/dirt
  6,24: polyhaven/dirt
  6,25: polyhaven/dirt
  6,26: polyhaven/dirt
  6,27: polyhaven/dirt
  6,28: polyhaven/dirt
  6,29: polyhaven/dirt
  6,30: polyhaven/dirt
  6,31: polyhaven/dirt
  6,32: polyhaven/dirt
  6,33: polyhaven/dirt
  6,34: polyhaven/dirt
  7,7: polyhaven/dirt
  7,8: polyhaven/dirt
  7,9: polyhaven/dirt
  7,10: polyhaven/dirt_floor
  7,11: polyhaven/dirt_floor
  7,12: polyhaven/dirt_floor
  7,13: polyhaven/dirt
  7,14: polyhaven/dirt
  7,21: polyhaven/dirt
  7,22: polyhaven/dirt
  7,23: polyhaven/dirt
  7,24: polyhaven/dirt
  7,25: polyhaven/dirt
  7,26: polyhaven/dirt
  7,27: polyhaven/dirt
  7,28: polyhaven/dirt
  7,29: polyhaven/dirt
  7,30: polyhaven/dirt
  7,31: polyhaven/dirt
  7,32: polyhaven/dirt
  7,33: polyhaven/dirt
  8,7: polyhaven/dirt
  8,8: polyhaven/dirt
  8,9: polyhaven/dirt_floor
  8,10: polyhaven/dirt_floor
  8,11: polyhaven/dirt_floor
  8,12: polyhaven/dirt_floor
  8,13: polyhaven/dirt_floor
  8,14: polyhaven/dirt
  8,21: polyhaven/dirt
  8,22: polyhaven/dirt
  8,23: polyhaven/dirt
  8,24: polyhaven/dirt
  8,25: polyhaven/dirt
  8,26: polyhaven/dirt
  8,27: polyhaven/dirt
  8,28: polyhaven/dirt
  8,29: polyhaven/dirt
  8,30: polyhaven/dirt
  8,31: polyhaven/dirt
  8,32: polyhaven/dirt
  8,33: polyhaven/dirt
  9,7: polyhaven/dirt
  9,8: polyhaven/flower_scattered_dirt
  9,9: polyhaven/dirt_floor
  9,10: polyhaven/dirt_floor
  9,11: polyhaven/dirt_floor
  9,12: polyhaven/dirt_floor
  9,13: polyhaven/dirt_floor
  9,14: polyhaven/flower_scattered_dirt
  9,23: polyhaven/dirt
  9,24: polyhaven/dirt
  9,25: polyhaven/dirt
  9,26: polyhaven/dirt
  9,27: polyhaven/dirt
  9,28: polyhaven/dirt
  9,29: polyhaven/dirt
  9,30: polyhaven/dirt
  9,31: polyhaven/dirt
  9,32: polyhaven/dirt
  10,7: polyhaven/dirt
  10,8: polyhaven/flower_scattered_dirt
  10,9: polyhaven/flower_scattered_dirt
  10,10: polyhaven/flower_scattered_dirt
  10,11: polyhaven/flower_scattered_dirt
  10,12: polyhaven/flower_scattered_dirt
  10,13: polyhaven/flower_scattered_dirt
  10,14: polyhaven/flower_scattered_dirt
  10,15: polyhaven/dirt
  10,16: polyhaven/dirt
  10,23: polyhaven/dirt
  10,24: polyhaven/dirt
  10,25: polyhaven/dirt
  10,26: polyhaven/dirt
  10,27: polyhaven/dirt
  10,28: polyhaven/dirt
  10,29: polyhaven/dirt
  10,30: polyhaven/dirt
  10,31: polyhaven/dirt
  10,32: polyhaven/dirt
  11,4: polyhaven/dirt
  11,5: polyhaven/dirt
  11,6: polyhaven/dirt
  11,7: polyhaven/flower_scattered_dirt
  11,8: polyhaven/flower_scattered_dirt
  11,9: polyhaven/dirt
  11,14: polyhaven/flower_scattered_dirt
  11,15: polyhaven/flower_scattered_dirt
  11,16: polyhaven/flower_scattered_dirt
  11,17: polyhaven/dirt
  11,18: polyhaven/dirt
  11,24: polyhaven/dirt
  11,25: polyhaven/dirt
  11,26: polyhaven/dirt
  11,27: polyhaven/dirt
  11,28: polyhaven/dirt
  11,29: polyhaven/dirt
  11,30: polyhaven/dirt
  11,31: polyhaven/dirt
  11,32: polyhaven/dirt
  12,3: polyhaven/dirt
  12,4: polyhaven/dirt
  12,5: polyhaven/dirt
  12,6: polyhaven/flower_scattered_dirt
  12,7: polyhaven/flower_scattered_dirt
  12,8: polyhaven/flower_scattered_dirt
  12,9: polyhaven/flower_scattered_dirt
  12,14: polyhaven/flower_scattered_dirt
  12,15: polyhaven/flower_scattered_dirt
  12,16: polyhaven/flower_scattered_dirt
  12,17: polyhaven/flower_scattered_dirt
  12,18: polyhaven/dirt
  12,24: polyhaven/dirt
  12,25: polyhaven/dirt
  12,26: polyhaven/dirt
  12,27: polyhaven/dirt
  12,28: polyhaven/dirt
  12,29: polyhaven/dirt
  12,30: polyhaven/dirt
  12,31: polyhaven/dirt
  13,3: polyhaven/dirt
  13,4: polyhaven/dirt
  13,5: polyhaven/flower_scattered_dirt
  13,6: polyhaven/flower_scattered_dirt
  13,7: polyhaven/flower_scattered_dirt
  13,8: polyhaven/flower_scattered_dirt
  13,9: polyhaven/flower_scattered_dirt
  13,10: polyhaven/flower_scattered_dirt
  13,11: polyhaven/flower_scattered_dirt
  13,13: polyhaven/dirt
  13,14: polyhaven/dirt
  13,15: polyhaven/flower_scattered_dirt
  13,16: polyhaven/flower_scattered_dirt
  13,17: polyhaven/flower_scattered_dirt
  13,18: polyhaven/dirt
  13,24: polyhaven/dirt
  13,25: polyhaven/dirt
  13,26: polyhaven/dirt
  13,27: polyhaven/dirt
  13,28: polyhaven/dirt
  13,29: polyhaven/dirt
  13,30: polyhaven/dirt
  13,31: polyhaven/dirt
  14,3: polyhaven/dirt
  14,4: polyhaven/dirt
  14,5: polyhaven/flower_scattered_dirt
  14,6: polyhaven/flower_scattered_dirt
  14,7: polyhaven/flower_scattered_dirt
  14,8: polyhaven/flower_scattered_dirt
  14,9: polyhaven/flower_scattered_dirt
  14,10: polyhaven/flower_scattered_dirt
  14,11: polyhaven/flower_scattered_dirt
  14,13: polyhaven/dirt
  14,14: polyhaven/dirt
  14,15: polyhaven/dirt
  14,16: polyhaven/flower_scattered_dirt
  14,17: polyhaven/flower_scattered_dirt
  14,18: polyhaven/dirt
  14,24: polyhaven/dirt
  14,25: polyhaven/dirt
  14,26: polyhaven/dirt
  14,27: polyhaven/dirt
  14,28: polyhaven/dirt
  14,29: polyhaven/dirt
  14,30: polyhaven/dirt
  14,31: polyhaven/dirt
  15,3: polyhaven/dirt
  15,4: polyhaven/flower_scattered_dirt
  15,5: polyhaven/flower_scattered_dirt
  15,6: polyhaven/flower_scattered_dirt
  15,7: polyhaven/flower_scattered_dirt
  15,8: polyhaven/flower_scattered_dirt
  15,9: polyhaven/flower_scattered_dirt
  15,10: polyhaven/flower_scattered_dirt
  15,11: polyhaven/flower_scattered_dirt
  15,15: polyhaven/dirt
  15,16: polyhaven/dirt
  15,17: polyhaven/flower_scattered_dirt
  15,18: polyhaven/dirt
  15,19: polyhaven/dirt
  15,23: polyhaven/dirt
  15,24: polyhaven/dirt
  15,25: polyhaven/dirt
  15,26: polyhaven/dirt
  15,27: polyhaven/dirt
  15,28: polyhaven/dirt
  15,29: polyhaven/dirt
  15,30: polyhaven/dirt
  15,31: polyhaven/dirt
  15,32: polyhaven/dirt
  16,3: polyhaven/dirt
  16,4: polyhaven/flower_scattered_dirt
  16,5: polyhaven/flower_scattered_dirt
  16,6: polyhaven/dirt
  16,7: polyhaven/dirt
  16,9: polyhaven/flower_scattered_dirt
  16,10: polyhaven/flower_scattered_dirt
  16,11: polyhaven/flower_scattered_dirt
  16,15: polyhaven/dirt
  16,16: polyhaven/flower_scattered_dirt
  16,17: polyhaven/flower_scattered_dirt
  16,18: polyhaven/dirt
  16,19: polyhaven/dirt
  16,23: polyhaven/dirt
  16,24: polyhaven/dirt
  16,25: polyhaven/dirt
  16,26: polyhaven/dirt
  16,27: polyhaven/dirt
  16,28: polyhaven/dirt
  16,29: polyhaven/dirt
  16,30: polyhaven/dirt
  16,31: polyhaven/dirt
  16,32: polyhaven/dirt
  16,33: polyhaven/dirt
  17,3: polyhaven/dirt
  17,4: polyhaven/dirt
  17,5: polyhaven/flower_scattered_dirt
  17,6: polyhaven/dirt
  17,7: polyhaven/dirt
  17,15: polyhaven/flower_scattered_dirt
  17,16: polyhaven/flower_scattered_dirt
  17,17: polyhaven/dirt
  17,18: polyhaven/dirt
  17,19: polyhaven/dirt
  17,23: polyhaven/dirt
  17,24: polyhaven/dirt
  17,25: polyhaven/dirt
  17,26: polyhaven/dirt
  17,27: polyhaven/dirt
  17,28: polyhaven/dirt
  17,29: polyhaven/dirt
  17,30: polyhaven/dirt
  17,31: polyhaven/dirt
  17,32: polyhaven/dirt
  17,33: polyhaven/dirt
  17,34: polyhaven/dirt
  18,3: polyhaven/dirt
  18,4: polyhaven/dirt
  18,5: polyhaven/flower_scattered_dirt
  18,6: polyhaven/flower_scattered_dirt
  18,7: polyhaven/dirt
  18,8: polyhaven/dirt
  18,9: polyhaven/dirt
  18,10: polyhaven/dirt
  18,11: polyhaven/dirt
  18,12: polyhaven/dirt
  18,13: polyhaven/dirt
  18,14: polyhaven/flower_scattered_dirt
  18,15: polyhaven/flower_scattered_dirt
  18,16: polyhaven/flower_scattered_dirt
  18,17: polyhaven/dirt
  18,18: polyhaven/dirt
  18,19: polyhaven/dirt
  18,23: polyhaven/dirt
  18,24: polyhaven/dirt
  18,25: polyhaven/dirt
  18,26: polyhaven/dirt
  18,27: polyhaven/dirt
  18,28: polyhaven/dirt
  18,29: polyhaven/dirt
  18,30: polyhaven/dirt
  18,31: polyhaven/dirt
  18,32: polyhaven/dirt
  18,33: polyhaven/dirt
  18,34: polyhaven/dirt
  18,44: polyhaven/concrete_floor_worn_02
  18,45: polyhaven/concrete_floor_worn_02
  18,46: polyhaven/concrete_floor_worn_02
  18,47: polyhaven/concrete_floor_worn_02
  19,3: polyhaven/dirt
  19,4: polyhaven/dirt
  19,5: polyhaven/flower_scattered_dirt
  19,6: polyhaven/flower_scattered_dirt
  19,7: polyhaven/dirt
  19,8: polyhaven/dirt
  19,9: polyhaven/dirt
  19,10: polyhaven/dirt
  19,11: polyhaven/dirt
  19,12: polyhaven/dirt
  19,13: polyhaven/dirt
  19,14: polyhaven/flower_scattered_dirt
  19,15: polyhaven/flower_scattered_dirt
  19,16: polyhaven/flower_scattered_dirt
  19,17: polyhaven/dirt
  19,18: polyhaven/dirt
  19,19: polyhaven/dirt
  19,23: polyhaven/dirt
  19,24: polyhaven/dirt
  19,25: polyhaven/dirt
  19,26: polyhaven/dirt
  19,27: polyhaven/dirt
  19,28: polyhaven/dirt
  19,29: polyhaven/dirt
  19,30: polyhaven/dirt
  19,31: polyhaven/dirt
  19,32: polyhaven/dirt
  19,33: polyhaven/dirt
  19,39: polyhaven/concrete_pavement_02
  19,40: polyhaven/concrete_pavement_02
  19,41: polyhaven/concrete_pavement_02
  19,42: polyhaven/concrete_pavement_02
  19,43: polyhaven/concrete_pavement_02
  19,44: polyhaven/concrete_floor_worn_02
  19,45: polyhaven/concrete_floor_worn_02
  19,46: polyhaven/concrete_floor_worn_02
  19,47: polyhaven/concrete_floor_worn_02
  20,3: polyhaven/dirt
  20,4: polyhaven/dirt
  20,5: polyhaven/flower_scattered_dirt
  20,6: polyhaven/flower_scattered_dirt
  20,7: polyhaven/dirt
  20,8: polyhaven/dirt
  20,9: polyhaven/dirt
  20,12: polyhaven/dirt
  20,13: polyhaven/dirt
  20,14: polyhaven/flower_scattered_dirt
  20,15: polyhaven/dirt
  20,16: polyhaven/dirt
  20,17: polyhaven/dirt
  20,18: polyhaven/dirt
  20,24: polyhaven/dirt
  20,25: polyhaven/dirt
  20,26: polyhaven/dirt
  20,27: polyhaven/dirt
  20,28: polyhaven/dirt
  20,29: polyhaven/dirt
  20,30: polyhaven/dirt
  20,31: polyhaven/dirt
  20,32: polyhaven/dirt
  20,33: polyhaven/dirt
  20,39: polyhaven/concrete_pavement_02
  20,40: polyhaven/concrete_pavement_02
  20,41: polyhaven/concrete_pavement_02
  20,42: polyhaven/concrete_pavement_02
  20,43: polyhaven/concrete_pavement_02
  20,44: polyhaven/concrete_floor_worn_02
  20,45: polyhaven/concrete_floor_worn_02
  20,46: polyhaven/concrete_floor_worn_02
  20,47: polyhaven/concrete_floor_worn_02
  21,4: polyhaven/dirt
  21,5: polyhaven/flower_scattered_dirt
  21,6: polyhaven/dirt
  21,7: polyhaven/dirt
  21,8: polyhaven/dirt
  21,12: polyhaven/dirt
  21,13: polyhaven/dirt
  21,14: polyhaven/flower_scattered_dirt
  21,15: polyhaven/dirt
  21,16: polyhaven/dirt
  21,17: polyhaven/dirt
  21,24: polyhaven/dirt
  21,25: polyhaven/dirt
  21,26: polyhaven/dirt
  21,27: polyhaven/dirt
  21,28: polyhaven/dirt
  21,29: polyhaven/dirt
  21,30: polyhaven/dirt
  21,31: polyhaven/dirt
  21,32: polyhaven/dirt
  21,39: polyhaven/concrete_pavement_02
  21,40: polyhaven/concrete_pavement_02
  21,41: polyhaven/concrete_pavement_02
  21,42: polyhaven/concrete_pavement_02
  21,43: polyhaven/concrete_pavement_02
  21,44: polyhaven/concrete_floor_worn_02
  21,45: polyhaven/concrete_floor_worn_02
  21,46: polyhaven/concrete_floor_worn_02
  21,47: polyhaven/concrete_floor_worn_02
  22,4: polyhaven/dirt
  22,5: polyhaven/flower_scattered_dirt
  22,6: polyhaven/dirt
  22,7: polyhaven/dirt
  22,12: polyhaven/dirt
  22,13: polyhaven/dirt
  22,14: polyhaven/flower_scattered_dirt
  22,15: polyhaven/dirt
  22,16: polyhaven/dirt
  22,17: polyhaven/dirt
  22,23: polyhaven/dirt
  22,24: polyhaven/dirt
  22,25: polyhaven/dirt
  22,26: polyhaven/dirt
  22,27: polyhaven/dirt
  22,28: polyhaven/dirt
  22,29: polyhaven/dirt
  22,30: polyhaven/dirt
  22,31: polyhaven/dirt
  22,32: polyhaven/dirt
  22,33: polyhaven/dirt
  22,37: polyhaven/concrete_pavement_02
  22,38: polyhaven/concrete_pavement_02
  22,39: polyhaven/concrete_pavement_02
  22,40: polyhaven/concrete_pavement_02
  22,41: polyhaven/concrete_pavement_02
  22,42: polyhaven/concrete_pavement_02
  22,43: polyhaven/concrete_pavement_02
  22,44: polyhaven/concrete_pavement_02
  22,46: polyhaven/concrete_floor_worn_02
  22,47: polyhaven/concrete_floor_worn_02
  23,3: polyhaven/dirt
  23,4: polyhaven/dirt
  23,5: polyhaven/flower_scattered_dirt
  23,6: polyhaven/dirt
  23,7: polyhaven/dirt
  23,12: polyhaven/dirt
  23,13: polyhaven/dirt
  23,14: polyhaven/flower_scattered_dirt
  23,15: polyhaven/flower_scattered_dirt
  23,16: polyhaven/dirt
  23,17: polyhaven/dirt
  23,23: polyhaven/dirt
  23,24: polyhaven/dirt
  23,25: polyhaven/dirt
  23,26: polyhaven/dirt
  23,27: polyhaven/dirt
  23,28: polyhaven/dirt
  23,29: polyhaven/dirt
  23,30: polyhaven/dirt
  23,31: polyhaven/dirt
  23,32: polyhaven/dirt
  23,33: polyhaven/stony_dirt_path
  23,34: polyhaven/stony_dirt_path
  23,35: polyhaven/stony_dirt_path
  23,36: polyhaven/stony_dirt_path
  23,37: polyhaven/stone_embedded_concrete
  23,38: polyhaven/stone_embedded_concrete
  23,39: polyhaven/stone_embedded_concrete
  23,40: polyhaven/stone_embedded_concrete
  23,41: polyhaven/stone_embedded_concrete
  23,42: polyhaven/stone_embedded_concrete
  23,43: polyhaven/stone_embedded_concrete
  23,44: polyhaven/concrete_pavement_02
  23,46: polyhaven/concrete_floor_worn_02
  23,47: polyhaven/concrete_floor_worn_02
  24,3: polyhaven/dirt
  24,4: polyhaven/flower_scattered_dirt
  24,5: polyhaven/flower_scattered_dirt
  24,6: polyhaven/dirt
  24,7: polyhaven/dirt
  24,12: polyhaven/dirt
  24,13: polyhaven/dirt
  24,14: polyhaven/flower_scattered_dirt
  24,15: polyhaven/flower_scattered_dirt
  24,16: polyhaven/dirt
  24,17: polyhaven/dirt
  24,23: polyhaven/dirt
  24,24: polyhaven/dirt
  24,25: polyhaven/dirt
  24,26: polyhaven/dirt
  24,27: polyhaven/dirt
  24,28: polyhaven/dirt
  24,29: polyhaven/dirt
  24,30: polyhaven/dirt
  24,31: polyhaven/dirt
  24,32: polyhaven/stony_dirt_path
  24,33: polyhaven/stony_dirt_path
  24,34: polyhaven/stony_dirt_path
  24,35: polyhaven/stony_dirt_path
  24,36: polyhaven/stony_dirt_path
  24,37: polyhaven/stone_embedded_concrete
  24,38: polyhaven/stone_embedded_concrete
  24,39: polyhaven/stone_embedded_concrete
  24,40: polyhaven/stone_embedded_concrete
  24,41: polyhaven/stone_embedded_concrete
  24,42: polyhaven/stone_embedded_concrete
  24,43: polyhaven/stone_embedded_concrete
  24,44: polyhaven/concrete_pavement_02
  24,46: polyhaven/concrete_floor_worn_02
  24,47: polyhaven/concrete_floor_worn_02
  25,3: polyhaven/dirt
  25,4: polyhaven/flower_scattered_dirt
  25,5: polyhaven/flower_scattered_dirt
  25,6: polyhaven/dirt
  25,7: polyhaven/dirt
  25,12: polyhaven/dirt
  25,13: polyhaven/dirt
  25,14: polyhaven/flower_scattered_dirt
  25,15: polyhaven/dirt
  25,16: polyhaven/dirt
  25,17: polyhaven/dirt
  25,22: polyhaven/dirt
  25,23: polyhaven/dirt
  25,24: polyhaven/dirt
  25,25: polyhaven/dirt
  25,26: polyhaven/dirt
  25,27: polyhaven/dirt
  25,28: polyhaven/dirt
  25,29: polyhaven/dirt
  25,30: polyhaven/dirt
  25,31: polyhaven/dirt
  25,32: polyhaven/stony_dirt_path
  25,33: polyhaven/stony_dirt_path
  25,37: polyhaven/concrete_pavement_02
  25,38: polyhaven/concrete_pavement_02
  25,39: polyhaven/concrete_pavement_02
  25,40: polyhaven/concrete_pavement_02
  25,41: polyhaven/concrete_pavement_02
  25,42: polyhaven/concrete_pavement_02
  25,43: polyhaven/concrete_pavement_02
  25,44: polyhaven/concrete_pavement_02
  25,46: polyhaven/concrete_floor_worn_02
  25,47: polyhaven/concrete_floor_worn_02
  26,3: polyhaven/dirt
  26,4: polyhaven/dirt
  26,5: polyhaven/flower_scattered_dirt
  26,6: polyhaven/flower_scattered_dirt
  26,7: polyhaven/flower_scattered_dirt
  26,11: polyhaven/dirt
  26,12: polyhaven/dirt
  26,13: polyhaven/flower_scattered_dirt
  26,14: polyhaven/flower_scattered_dirt
  26,15: polyhaven/dirt
  26,16: polyhaven/dirt
  26,22: polyhaven/dirt
  26,23: polyhaven/dirt
  26,24: polyhaven/dirt
  26,25: polyhaven/dirt
  26,26: polyhaven/dirt
  26,27: polyhaven/dirt
  26,28: polyhaven/dirt
  26,29: polyhaven/dirt
  26,30: polyhaven/dirt
  26,31: polyhaven/dirt
  26,32: polyhaven/stony_dirt_path
  26,33: polyhaven/stony_dirt_path
  26,39: polyhaven/concrete_pavement_02
  26,40: polyhaven/concrete_pavement_02
  26,41: polyhaven/concrete_pavement_02
  26,42: polyhaven/concrete_pavement_02
  26,43: polyhaven/concrete_pavement_02
  26,44: polyhaven/concrete_floor_worn_02
  26,45: polyhaven/concrete_floor_worn_02
  26,46: polyhaven/concrete_floor_worn_02
  26,47: polyhaven/concrete_floor_worn_02
  27,4: polyhaven/dirt
  27,5: polyhaven/dirt
  27,6: polyhaven/flower_scattered_dirt
  27,7: polyhaven/flower_scattered_dirt
  27,11: polyhaven/dirt
  27,12: polyhaven/dirt
  27,13: polyhaven/flower_scattered_dirt
  27,14: polyhaven/flower_scattered_dirt
  27,15: polyhaven/dirt
  27,19: polyhaven/dirt
  27,20: polyhaven/dirt
  27,21: polyhaven/dirt
  27,22: polyhaven/dirt
  27,23: polyhaven/dirt
  27,24: polyhaven/dirt
  27,25: polyhaven/dirt
  27,26: polyhaven/dirt
  27,27: polyhaven/dirt
  27,28: polyhaven/dirt
  27,29: polyhaven/dirt
  27,30: polyhaven/dirt
  27,31: polyhaven/dirt
  27,32: polyhaven/stony_dirt_path
  27,33: polyhaven/stony_dirt_path
  27,39: polyhaven/concrete_pavement_02
  27,40: polyhaven/concrete_pavement_02
  27,41: polyhaven/concrete_pavement_02
  27,42: polyhaven/concrete_pavement_02
  27,43: polyhaven/concrete_pavement_02
  27,44: polyhaven/concrete_floor_worn_02
  27,45: polyhaven/concrete_floor_worn_02
  27,46: polyhaven/concrete_floor_worn_02
  27,47: polyhaven/concrete_floor_worn_02
  28,5: polyhaven/dirt
  28,6: polyhaven/flower_scattered_dirt
  28,7: polyhaven/flower_scattered_dirt
  28,8: polyhaven/flower_scattered_dirt
  28,9: polyhaven/dirt
  28,10: polyhaven/dirt
  28,11: polyhaven/dirt
  28,12: polyhaven/flower_scattered_dirt
  28,13: polyhaven/flower_scattered_dirt
  28,14: polyhaven/dirt
  28,15: polyhaven/dirt
  28,19: polyhaven/dirt
  28,20: polyhaven/dirt
  28,21: polyhaven/dirt
  28,22: polyhaven/dirt
  28,23: polyhaven/dirt
  28,24: polyhaven/dirt
  28,25: polyhaven/dirt
  28,26: polyhaven/dirt
  28,27: polyhaven/dirt
  28,28: polyhaven/dirt
  28,29: polyhaven/dirt
  28,30: polyhaven/dirt
  28,31: polyhaven/stony_dirt_path
  28,32: polyhaven/stony_dirt_path
  28,33: polyhaven/stony_dirt_path
  28,39: polyhaven/concrete_pavement_02
  28,40: polyhaven/concrete_pavement_02
  28,41: polyhaven/concrete_pavement_02
  28,42: polyhaven/concrete_pavement_02
  28,43: polyhaven/concrete_pavement_02
  28,44: polyhaven/concrete_floor_worn_02
  28,45: polyhaven/concrete_floor_worn_02
  28,46: polyhaven/concrete_floor_worn_02
  28,47: polyhaven/concrete_floor_worn_02
  29,6: polyhaven/dirt
  29,7: polyhaven/flower_scattered_dirt
  29,8: polyhaven/flower_scattered_dirt
  29,9: polyhaven/flower_scattered_dirt
  29,10: polyhaven/flower_scattered_dirt
  29,11: polyhaven/flower_scattered_dirt
  29,12: polyhaven/flower_scattered_dirt
  29,13: polyhaven/flower_scattered_dirt
  29,14: polyhaven/dirt
  29,18: polyhaven/dirt
  29,19: polyhaven/dirt
  29,20: polyhaven/dirt
  29,21: polyhaven/dirt
  29,22: polyhaven/dirt
  29,23: polyhaven/dirt
  29,24: polyhaven/dirt
  29,25: polyhaven/dirt
  29,26: polyhaven/dirt
  29,27: polyhaven/dirt
  29,28: polyhaven/dirt
  29,29: polyhaven/dirt
  29,30: polyhaven/dirt
  29,31: polyhaven/stony_dirt_path
  29,32: polyhaven/stony_dirt_path
  29,33: polyhaven/stony_dirt_path
  29,34: polyhaven/dirt
  29,44: polyhaven/concrete_floor_worn_02
  29,45: polyhaven/concrete_floor_worn_02
  29,46: polyhaven/concrete_floor_worn_02
  29,47: polyhaven/concrete_floor_worn_02
  30,6: polyhaven/dirt
  30,7: polyhaven/dirt
  30,8: polyhaven/flower_scattered_dirt
  30,9: polyhaven/flower_scattered_dirt
  30,10: polyhaven/flower_scattered_dirt
  30,11: polyhaven/flower_scattered_dirt
  30,12: polyhaven/flower_scattered_dirt
  30,13: polyhaven/dirt
  30,14: polyhaven/dirt
  30,18: polyhaven/dirt
  30,19: polyhaven/dirt
  30,20: polyhaven/stony_dirt_path
  30,21: polyhaven/stony_dirt_path
  30,22: polyhaven/stony_dirt_path
  30,23: polyhaven/dirt
  30,24: polyhaven/dirt
  30,25: polyhaven/dirt
  30,26: polyhaven/dirt
  30,27: polyhaven/dirt
  30,28: polyhaven/dirt
  30,29: polyhaven/stony_dirt_path
  30,30: polyhaven/stony_dirt_path
  30,31: polyhaven/stony_dirt_path
  30,32: polyhaven/stony_dirt_path
  30,33: polyhaven/dirt
  30,34: polyhaven/dirt
  30,35: polyhaven/dirt
  31,6: polyhaven/dirt
  31,7: polyhaven/dirt
  31,8: polyhaven/flower_scattered_dirt
  31,9: polyhaven/flower_scattered_dirt
  31,10: polyhaven/flower_scattered_dirt
  31,11: polyhaven/flower_scattered_dirt
  31,12: polyhaven/flower_scattered_dirt
  31,13: polyhaven/dirt
  31,17: polyhaven/dirt
  31,18: polyhaven/dirt
  31,19: polyhaven/dirt
  31,20: polyhaven/stony_dirt_path
  31,21: polyhaven/stony_dirt_path
  31,22: polyhaven/stony_dirt_path
  31,23: polyhaven/dirt
  31,24: polyhaven/dirt
  31,25: polyhaven/dirt
  31,26: polyhaven/dirt
  31,27: polyhaven/dirt
  31,28: polyhaven/dirt
  31,29: polyhaven/stony_dirt_path
  31,30: polyhaven/stony_dirt_path
  31,31: polyhaven/stony_dirt_path
  31,32: polyhaven/dirt
  31,33: polyhaven/dirt
  31,34: polyhaven/dirt
  31,35: polyhaven/dirt
  31,36: polyhaven/dirt
  32,6: polyhaven/dirt
  32,7: polyhaven/flower_scattered_dirt
  32,8: polyhaven/flower_scattered_dirt
  32,9: polyhaven/dirt
  32,10: polyhaven/dirt
  32,11: polyhaven/dirt
  32,12: polyhaven/dirt
  32,13: polyhaven/dirt
  32,17: polyhaven/dirt
  32,18: polyhaven/stony_dirt_path
  32,19: polyhaven/stony_dirt_path
  32,20: polyhaven/stony_dirt_path
  32,21: polyhaven/dirt
  32,22: polyhaven/dirt
  32,23: polyhaven/dirt
  32,24: polyhaven/dirt
  32,25: polyhaven/dirt
  32,26: polyhaven/dirt
  32,27: polyhaven/dirt
  32,28: polyhaven/dirt
  32,29: polyhaven/dirt
  32,30: polyhaven/dirt
  32,31: polyhaven/dirt
  32,32: polyhaven/dirt
  32,33: polyhaven/dirt
  32,34: polyhaven/dirt
  32,35: polyhaven/dirt
  32,36: polyhaven/dirt
  32,37: polyhaven/dirt
  33,5: polyhaven/dirt
  33,6: polyhaven/dirt
  33,7: polyhaven/flower_scattered_dirt
  33,8: polyhaven/flower_scattered_dirt
  33,9: polyhaven/dirt
  33,10: polyhaven/dirt
  33,11: polyhaven/dirt
  33,12: polyhaven/dirt
  33,13: polyhaven/dirt
  33,17: polyhaven/dirt
  33,18: polyhaven/stony_dirt_path
  33,20: polyhaven/stony_dirt_path
  33,21: polyhaven/dirt
  33,22: polyhaven/dirt
  33,23: polyhaven/dirt
  33,24: polyhaven/dirt
  33,25: polyhaven/dirt
  33,26: polyhaven/dirt
  33,27: polyhaven/dirt
  33,28: polyhaven/dirt
  33,29: polyhaven/dirt
  33,30: polyhaven/dirt
  33,31: polyhaven/dirt
  33,32: polyhaven/dirt
  33,33: polyhaven/dirt
  33,34: polyhaven/dirt
  33,35: polyhaven/dirt
  33,36: polyhaven/dirt
  33,37: polyhaven/dirt
  34,4: polyhaven/dirt
  34,5: polyhaven/dirt
  34,6: polyhaven/dirt
  34,7: polyhaven/flower_scattered_dirt
  34,8: polyhaven/flower_scattered_dirt
  34,9: polyhaven/dirt
  34,10: polyhaven/dirt
  34,11: polyhaven/dirt
  34,12: polyhaven/dirt
  34,17: polyhaven/dirt
  34,18: polyhaven/stony_dirt_path
  34,20: polyhaven/stony_dirt_path
  34,21: polyhaven/dirt
  34,22: polyhaven/dirt
  34,23: polyhaven/dirt
  34,24: polyhaven/dirt
  34,25: polyhaven/dirt
  34,26: polyhaven/dirt
  34,27: polyhaven/dirt
  34,28: polyhaven/dirt
  34,29: polyhaven/dirt
  34,30: polyhaven/dirt
  34,34: polyhaven/dirt
  34,35: polyhaven/dirt
  34,36: polyhaven/dirt
  34,37: polyhaven/dirt
  35,4: polyhaven/dirt
  35,5: polyhaven/dirt
  35,6: polyhaven/dirt
  35,7: polyhaven/dirt_aerial_02
  35,8: polyhaven/dirt_aerial_02
  35,9: polyhaven/dirt_aerial_02
  35,10: polyhaven/dirt
  35,11: polyhaven/dirt
  35,16: polyhaven/dirt
  35,17: polyhaven/dirt
  35,18: polyhaven/stony_dirt_path
  35,20: polyhaven/stony_dirt_path
  35,21: polyhaven/dirt
  35,22: polyhaven/dirt
  35,23: polyhaven/dirt
  35,24: polyhaven/dirt
  35,25: polyhaven/dirt
  35,26: polyhaven/dirt
  35,27: polyhaven/dirt
  35,28: polyhaven/dirt
  35,29: polyhaven/dirt
  35,30: polyhaven/dirt
  35,35: polyhaven/dirt
  35,36: polyhaven/dirt
  35,37: polyhaven/dirt
  36,4: polyhaven/dirt
  36,5: polyhaven/dirt_aerial_02
  36,6: polyhaven/dirt_aerial_02
  36,7: polyhaven/dirt_aerial_02
  36,8: polyhaven/dirt_aerial_02
  36,9: polyhaven/dirt_aerial_02
  36,10: polyhaven/dirt_aerial_02
  36,11: polyhaven/dirt
  36,12: polyhaven/dirt
  36,16: polyhaven/dirt
  36,17: polyhaven/dirt
  36,18: polyhaven/stony_dirt_path
  36,19: polyhaven/stony_dirt_path
  36,20: polyhaven/stony_dirt_path
  36,21: polyhaven/dirt
  36,22: polyhaven/dirt
  36,23: polyhaven/dirt
  36,24: polyhaven/dirt
  36,25: polyhaven/dirt
  36,26: polyhaven/dirt
  36,27: polyhaven/dirt
  36,28: polyhaven/dirt
  36,29: polyhaven/dirt
  36,30: polyhaven/dirt
  36,35: polyhaven/dirt
  36,36: polyhaven/dirt
  36,37: polyhaven/dirt
  37,3: polyhaven/dirt_aerial_02
  37,4: polyhaven/dirt_aerial_02
  37,5: polyhaven/dirt_aerial_02
  37,6: polyhaven/dirt_aerial_02
  37,7: polyhaven/dirt_aerial_02
  37,8: polyhaven/dirt_aerial_02
  37,9: polyhaven/dirt_aerial_02
  37,10: polyhaven/dirt_aerial_02
  37,11: polyhaven/dirt_aerial_02
  37,12: polyhaven/dirt
  37,13: polyhaven/stony_dirt_path
  37,14: polyhaven/stony_dirt_path
  37,15: polyhaven/stony_dirt_path
  37,16: polyhaven/stony_dirt_path
  37,17: polyhaven/stony_dirt_path
  37,18: polyhaven/stony_dirt_path
  37,19: polyhaven/stony_dirt_path
  37,20: polyhaven/dirt
  37,21: polyhaven/dirt
  37,22: polyhaven/dirt
  37,23: polyhaven/dirt
  37,24: polyhaven/dirt
  37,25: polyhaven/dirt
  37,26: polyhaven/dirt
  37,27: polyhaven/dirt
  37,28: polyhaven/dirt
  37,29: polyhaven/dirt
  37,30: polyhaven/dirt
  37,31: polyhaven/dirt
  37,35: polyhaven/dirt
  37,36: polyhaven/dirt
  37,37: polyhaven/dirt
  37,38: polyhaven/dirt
  37,39: polyhaven/dirt
  38,3: polyhaven/dirt_aerial_02
  38,4: polyhaven/dirt_aerial_02
  38,5: polyhaven/dirt_aerial_02
  38,6: polyhaven/dirt_aerial_02
  38,7: polyhaven/dirt_aerial_02
  38,8: polyhaven/dirt_aerial_02
  38,9: polyhaven/dirt_aerial_02
  38,10: polyhaven/dirt_aerial_02
  38,11: polyhaven/dirt_aerial_02
  38,12: polyhaven/stony_dirt_path
  38,13: polyhaven/stony_dirt_path
  38,14: polyhaven/stony_dirt_path
  38,15: polyhaven/stony_dirt_path
  38,16: polyhaven/stony_dirt_path
  38,17: polyhaven/stony_dirt_path
  38,18: polyhaven/dirt
  38,19: polyhaven/dirt
  38,20: polyhaven/dirt
  38,21: polyhaven/dirt
  38,22: polyhaven/dirt
  38,23: polyhaven/dirt
  38,24: polyhaven/dirt
  38,25: polyhaven/dirt
  38,26: polyhaven/dirt
  38,27: polyhaven/dirt
  38,28: polyhaven/dirt
  38,29: polyhaven/dirt
  38,30: polyhaven/dirt
  38,31: polyhaven/dirt
  38,35: polyhaven/dirt
  38,36: polyhaven/dirt
  38,37: polyhaven/dirt
  38,38: polyhaven/dirt
  38,39: polyhaven/dirt
  38,40: polyhaven/dirt
  39,3: polyhaven/dirt_aerial_02
  39,4: polyhaven/dirt_aerial_02
  39,5: polyhaven/dirt_aerial_02
  39,6: polyhaven/dirt_aerial_02
  39,7: polyhaven/dirt_aerial_02
  39,8: polyhaven/dirt_aerial_02
  39,9: polyhaven/dirt_aerial_02
  39,10: polyhaven/dirt_aerial_02
  39,11: polyhaven/dirt_aerial_02
  39,12: polyhaven/dirt_aerial_02
  39,16: polyhaven/dirt
  39,17: polyhaven/dirt
  39,18: polyhaven/dirt
  39,19: polyhaven/dirt
  39,20: polyhaven/dirt
  39,21: polyhaven/dirt
  39,22: polyhaven/dirt
  39,23: polyhaven/dirt
  39,24: polyhaven/dirt
  39,25: polyhaven/dirt
  39,26: polyhaven/dirt
  39,27: polyhaven/dirt
  39,28: polyhaven/dirt
  39,29: polyhaven/dirt
  39,30: polyhaven/dirt
  39,31: polyhaven/dirt
  39,32: polyhaven/dirt
  39,33: polyhaven/dirt
  39,34: polyhaven/dirt
  39,35: polyhaven/dirt
  39,36: polyhaven/dirt
  39,37: polyhaven/dirt
  39,38: polyhaven/dirt
  39,39: polyhaven/dirt
  39,40: polyhaven/dirt
  40,3: polyhaven/dirt_aerial_02
  40,4: polyhaven/dirt_aerial_02
  40,5: polyhaven/dirt_aerial_02
  40,6: polyhaven/dirt_aerial_02
  40,7: polyhaven/dirt_aerial_02
  40,8: polyhaven/dirt_aerial_02
  40,9: polyhaven/dirt_aerial_02
  40,10: polyhaven/dirt_aerial_02
  40,11: polyhaven/dirt_aerial_02
  40,12: polyhaven/dirt_aerial_02
  40,13: polyhaven/dirt_aerial_02
  40,17: polyhaven/dirt_aerial_02
  40,18: polyhaven/dirt
  40,19: polyhaven/dirt
  40,20: polyhaven/dirt
  40,21: polyhaven/dirt
  40,22: polyhaven/dirt
  40,23: polyhaven/dirt
  40,24: polyhaven/dirt
  40,25: polyhaven/dirt
  40,26: polyhaven/dirt
  40,27: polyhaven/dirt
  40,28: polyhaven/dirt
  40,29: polyhaven/dirt
  40,30: polyhaven/dirt
  40,31: polyhaven/dirt
  40,32: polyhaven/dirt
  40,33: polyhaven/dirt
  40,34: polyhaven/dirt
  40,35: polyhaven/dirt
  40,36: polyhaven/dirt
  40,37: polyhaven/dirt
  40,38: polyhaven/dirt
  40,39: polyhaven/dirt
  40,40: polyhaven/dirt
  41,5: polyhaven/dirt_aerial_02
  41,6: polyhaven/dirt_aerial_02
  41,7: polyhaven/dirt_aerial_02
  41,8: polyhaven/dirt_aerial_02
  41,9: polyhaven/dirt_aerial_02
  41,10: polyhaven/dirt_aerial_02
  41,11: polyhaven/dirt_aerial_02
  41,12: polyhaven/dirt_aerial_02
  41,13: polyhaven/dirt_aerial_02
  41,14: polyhaven/dirt_aerial_02
  41,18: polyhaven/dirt
  41,19: polyhaven/dirt
  41,20: polyhaven/dirt
  41,21: polyhaven/dirt
  41,22: polyhaven/dirt
  41,23: polyhaven/dirt
  41,24: polyhaven/dirt
  41,25: polyhaven/dirt
  41,26: polyhaven/dirt
  41,27: polyhaven/dirt
  41,28: polyhaven/dirt
  41,29: polyhaven/dirt
  41,30: polyhaven/dirt
  41,31: polyhaven/dirt
  41,32: polyhaven/dirt
  41,33: polyhaven/dirt
  41,34: polyhaven/dirt
  41,37: polyhaven/dirt
  41,38: polyhaven/dirt
  41,39: polyhaven/dirt
  41,40: polyhaven/dirt
  42,5: polyhaven/dirt_aerial_02
  42,6: polyhaven/dirt_aerial_02
  42,7: polyhaven/dirt_aerial_02
  42,8: polyhaven/dirt_aerial_02
  42,9: polyhaven/dirt_aerial_02
  42,10: polyhaven/dirt_aerial_02
  42,11: polyhaven/dirt_aerial_02
  42,12: polyhaven/dirt_aerial_02
  42,13: polyhaven/dirt_aerial_02
  42,14: polyhaven/dirt_aerial_02
  42,15: polyhaven/dirt_aerial_02
  42,19: polyhaven/dirt
  42,20: polyhaven/dirt
  42,21: polyhaven/dirt
  42,22: polyhaven/dirt
  42,23: polyhaven/dirt
  42,24: polyhaven/dirt
  42,25: polyhaven/dirt
  42,26: polyhaven/dirt
  42,27: polyhaven/dirt
  42,28: polyhaven/dirt
  42,29: polyhaven/dirt
  42,30: polyhaven/dirt
  42,31: polyhaven/dirt
  42,32: polyhaven/dirt
  42,33: polyhaven/dirt
  42,37: polyhaven/dirt
  42,38: polyhaven/dirt
  42,39: polyhaven/dirt
  42,40: polyhaven/dirt
  43,5: polyhaven/dirt_aerial_02
  43,6: polyhaven/dirt_aerial_02
  43,7: polyhaven/dirt_aerial_02
  43,8: polyhaven/dirt_aerial_02
  43,9: polyhaven/dirt_aerial_02
  43,10: polyhaven/dirt_aerial_02
  43,11: polyhaven/dirt_aerial_02
  43,12: polyhaven/dirt_aerial_02
  43,13: polyhaven/dirt_aerial_02
  43,14: polyhaven/dirt_aerial_02
  43,15: polyhaven/dirt_aerial_02
  43,16: polyhaven/dirt_aerial_02
  43,19: polyhaven/dirt
  43,20: polyhaven/dirt
  43,21: polyhaven/dirt
  43,22: polyhaven/dirt
  43,23: polyhaven/dirt
  43,24: polyhaven/dirt
  43,25: polyhaven/dirt
  43,26: polyhaven/dirt
  43,27: polyhaven/dirt
  43,28: polyhaven/dirt
  43,29: polyhaven/dirt
  43,30: polyhaven/dirt
  43,31: polyhaven/dirt
  43,32: polyhaven/dirt
  43,33: polyhaven/dirt
  43,34: polyhaven/dirt
  43,37: polyhaven/dirt
  43,38: polyhaven/dirt
  43,39: polyhaven/dirt
  43,40: polyhaven/dirt
  44,6: polyhaven/dirt_aerial_02
  44,7: polyhaven/dirt_aerial_02
  44,8: polyhaven/dirt_aerial_02
  44,9: polyhaven/dirt_aerial_02
  44,10: polyhaven/dirt_aerial_02
  44,11: polyhaven/dirt_aerial_02
  44,12: polyhaven/dirt_aerial_02
  44,13: polyhaven/dirt_aerial_02
  44,14: polyhaven/dirt_aerial_02
  44,15: polyhaven/dirt_aerial_02
  44,16: polyhaven/dirt_aerial_02
  44,19: polyhaven/dirt
  44,20: polyhaven/dirt
  44,21: polyhaven/dirt
  44,22: polyhaven/dirt
  44,23: polyhaven/dirt
  44,24: polyhaven/dirt
  44,25: polyhaven/dirt
  44,26: polyhaven/dirt
  44,27: polyhaven/dirt
  44,28: polyhaven/dirt
  44,29: polyhaven/dirt
  44,30: polyhaven/dirt
  44,31: polyhaven/dirt
  44,32: polyhaven/dirt
  44,33: polyhaven/dirt
  44,34: polyhaven/dirt
  44,35: polyhaven/dirt
  44,36: polyhaven/dirt
  44,37: polyhaven/dirt
  44,38: polyhaven/dirt
  44,39: polyhaven/dirt
  44,40: polyhaven/dirt
  45,7: polyhaven/dirt_aerial_02
  45,8: polyhaven/dirt_aerial_02
  45,9: polyhaven/dirt_aerial_02
  45,10: polyhaven/dirt_aerial_02
  45,11: polyhaven/dirt_aerial_02
  45,12: polyhaven/dirt_aerial_02
  45,13: polyhaven/dirt_aerial_02
  45,14: polyhaven/dirt_aerial_02
  45,15: polyhaven/dirt_aerial_02
  45,16: polyhaven/dirt_aerial_02
  45,19: polyhaven/dirt
  45,20: polyhaven/dirt
  45,21: polyhaven/dirt
  45,22: polyhaven/dirt
  45,23: polyhaven/dirt
  45,24: polyhaven/dirt
  45,25: polyhaven/dirt
  45,26: polyhaven/dirt
  45,27: polyhaven/dirt
  45,28: polyhaven/dirt
  45,29: polyhaven/dirt
  45,30: polyhaven/dirt
  45,31: polyhaven/dirt
  45,32: polyhaven/dirt
  45,33: polyhaven/dirt
  45,34: polyhaven/dirt
  45,35: polyhaven/dirt
  45,36: polyhaven/dirt
  45,37: polyhaven/dirt
  45,38: polyhaven/dirt
  45,39: polyhaven/dirt
  46,7: polyhaven/dirt_aerial_02
  46,8: polyhaven/dirt_aerial_02
  46,9: polyhaven/dirt_aerial_02
  46,10: polyhaven/dirt_aerial_02
  46,11: polyhaven/dirt_aerial_02
  46,12: polyhaven/dirt_aerial_02
  46,13: polyhaven/dirt_aerial_02
  46,14: polyhaven/dirt_aerial_02
  46,15: polyhaven/dirt_aerial_02
  46,20: polyhaven/dirt
  46,21: polyhaven/dirt
  46,22: polyhaven/dirt
  46,23: polyhaven/dirt
  46,24: polyhaven/dirt
  46,25: polyhaven/dirt
  46,26: polyhaven/dirt
  46,27: polyhaven/dirt
  46,28: polyhaven/dirt
  46,29: polyhaven/dirt
  46,30: polyhaven/dirt
  46,31: polyhaven/dirt
  46,32: polyhaven/dirt
  46,33: polyhaven/dirt
  46,34: polyhaven/dirt
  46,35: polyhaven/dirt
  46,36: polyhaven/dirt
  46,37: polyhaven/dirt
  46,38: polyhaven/dirt

lights:
  57.48059111592922,72.4276835366119: color:ff9944 radius:10 intensity:0.5
  197.42298202901083,97.45208109837347: color:ff8844 radius:25
  222.33206931185399,112.55783947534519: color:ff8844 radius:25
  222.4553816251354,127.54028553903551: color:ff8844 radius:25
  197.36132587237014,142.2144508195223: color:ff8844 radius:25
  217.83116987708283,123.47097920074924: color:ff9944 radius:10 intensity:0.5
  217.58454525052002,117.24370738003846: color:ff9944 radius:10 intensity:0.5
  217.52288909387931,119.83326595894789: color:ff9944 radius:10 intensity:0.5
  212.85188671974694,118.1497551509257: color:ff9944 radius:10 intensity:0.5
  213.0203346581137,122.02405773336166: color:ff9944 radius:10 intensity:0.5

bridges:
  rope 30,22 32,22 32,30
